Component: ARM Compiler 5.06 update 2 (build 183) Tool: armlink [4d35b7]

==============================================================================

Section Cross References

    cmsis_os.o(i.osDelay) refers to tasks.o(i.vTaskDelay) for vTaskDelay
    cmsis_os.o(i.osKernelRunning) refers to tasks.o(i.xTaskGetSchedulerState) for xTaskGetSchedulerState
    cmsis_os.o(i.osKernelStart) refers to tasks.o(i.vTaskStartScheduler) for vTaskStartScheduler
    cmsis_os.o(i.osKernelSysTick) refers to cmsis_os.o(i.inHandlerMode) for inHandlerMode
    cmsis_os.o(i.osKernelSysTick) refers to tasks.o(i.xTaskGetTickCountFromISR) for xTaskGetTickCountFromISR
    cmsis_os.o(i.osKernelSysTick) refers to tasks.o(i.xTaskGetTickCount) for xTaskGetTickCount
    cmsis_os.o(i.osMailAlloc) refers to cmsis_os.o(i.osPoolAlloc) for osPoolAlloc
    cmsis_os.o(i.osMailCAlloc) refers to cmsis_os.o(i.osMailAlloc) for osMailAlloc
    cmsis_os.o(i.osMailCreate) refers to heap_4.o(i.pvPortMalloc) for pvPortMalloc
    cmsis_os.o(i.osMailCreate) refers to queue.o(i.xQueueGenericCreate) for xQueueGenericCreate
    cmsis_os.o(i.osMailCreate) refers to cmsis_os.o(i.osPoolCreate) for osPoolCreate
    cmsis_os.o(i.osMailCreate) refers to heap_4.o(i.vPortFree) for vPortFree
    cmsis_os.o(i.osMailFree) refers to cmsis_os.o(i.osPoolFree) for osPoolFree
    cmsis_os.o(i.osMailGet) refers to cmsis_os.o(i.inHandlerMode) for inHandlerMode
    cmsis_os.o(i.osMailGet) refers to queue.o(i.xQueueReceiveFromISR) for xQueueReceiveFromISR
    cmsis_os.o(i.osMailGet) refers to queue.o(i.xQueueGenericReceive) for xQueueGenericReceive
    cmsis_os.o(i.osMailPut) refers to cmsis_os.o(i.inHandlerMode) for inHandlerMode
    cmsis_os.o(i.osMailPut) refers to queue.o(i.xQueueGenericSendFromISR) for xQueueGenericSendFromISR
    cmsis_os.o(i.osMailPut) refers to queue.o(i.xQueueGenericSend) for xQueueGenericSend
    cmsis_os.o(i.osMessageCreate) refers to queue.o(i.xQueueGenericCreate) for xQueueGenericCreate
    cmsis_os.o(i.osMessageGet) refers to cmsis_os.o(i.inHandlerMode) for inHandlerMode
    cmsis_os.o(i.osMessageGet) refers to queue.o(i.xQueueReceiveFromISR) for xQueueReceiveFromISR
    cmsis_os.o(i.osMessageGet) refers to queue.o(i.xQueueGenericReceive) for xQueueGenericReceive
    cmsis_os.o(i.osMessagePeek) refers to queue.o(i.xQueueGenericReceive) for xQueueGenericReceive
    cmsis_os.o(i.osMessagePut) refers to cmsis_os.o(i.inHandlerMode) for inHandlerMode
    cmsis_os.o(i.osMessagePut) refers to queue.o(i.xQueueGenericSendFromISR) for xQueueGenericSendFromISR
    cmsis_os.o(i.osMessagePut) refers to queue.o(i.xQueueGenericSend) for xQueueGenericSend
    cmsis_os.o(i.osMutexCreate) refers to queue.o(i.xQueueCreateMutex) for xQueueCreateMutex
    cmsis_os.o(i.osMutexDelete) refers to cmsis_os.o(i.inHandlerMode) for inHandlerMode
    cmsis_os.o(i.osMutexDelete) refers to queue.o(i.vQueueDelete) for vQueueDelete
    cmsis_os.o(i.osMutexRelease) refers to cmsis_os.o(i.inHandlerMode) for inHandlerMode
    cmsis_os.o(i.osMutexRelease) refers to queue.o(i.xQueueGiveFromISR) for xQueueGiveFromISR
    cmsis_os.o(i.osMutexRelease) refers to queue.o(i.xQueueGenericSend) for xQueueGenericSend
    cmsis_os.o(i.osMutexWait) refers to cmsis_os.o(i.inHandlerMode) for inHandlerMode
    cmsis_os.o(i.osMutexWait) refers to queue.o(i.xQueueReceiveFromISR) for xQueueReceiveFromISR
    cmsis_os.o(i.osMutexWait) refers to queue.o(i.xQueueGenericReceive) for xQueueGenericReceive
    cmsis_os.o(i.osPoolAlloc) refers to cmsis_os.o(i.inHandlerMode) for inHandlerMode
    cmsis_os.o(i.osPoolAlloc) refers to port.o(i.vPortEnterCritical) for vPortEnterCritical
    cmsis_os.o(i.osPoolAlloc) refers to port.o(i.vPortExitCritical) for vPortExitCritical
    cmsis_os.o(i.osPoolCAlloc) refers to cmsis_os.o(i.osPoolAlloc) for osPoolAlloc
    cmsis_os.o(i.osPoolCreate) refers to heap_4.o(i.pvPortMalloc) for pvPortMalloc
    cmsis_os.o(i.osPoolCreate) refers to heap_4.o(i.vPortFree) for vPortFree
    cmsis_os.o(i.osSemaphoreCreate) refers to queue.o(i.xQueueGenericCreate) for xQueueGenericCreate
    cmsis_os.o(i.osSemaphoreCreate) refers to queue.o(i.xQueueGenericSend) for xQueueGenericSend
    cmsis_os.o(i.osSemaphoreDelete) refers to cmsis_os.o(i.inHandlerMode) for inHandlerMode
    cmsis_os.o(i.osSemaphoreDelete) refers to queue.o(i.vQueueDelete) for vQueueDelete
    cmsis_os.o(i.osSemaphoreRelease) refers to cmsis_os.o(i.inHandlerMode) for inHandlerMode
    cmsis_os.o(i.osSemaphoreRelease) refers to queue.o(i.xQueueGiveFromISR) for xQueueGiveFromISR
    cmsis_os.o(i.osSemaphoreRelease) refers to queue.o(i.xQueueGenericSend) for xQueueGenericSend
    cmsis_os.o(i.osSemaphoreWait) refers to cmsis_os.o(i.inHandlerMode) for inHandlerMode
    cmsis_os.o(i.osSemaphoreWait) refers to queue.o(i.xQueueReceiveFromISR) for xQueueReceiveFromISR
    cmsis_os.o(i.osSemaphoreWait) refers to queue.o(i.xQueueGenericReceive) for xQueueGenericReceive
[...]
    Removing stm32f4xx_hal_tim.o(i.HAL_TIM_OnePulse_Start_IT), (80 bytes).
    Removing stm32f4xx_hal_tim.o(i.HAL_TIM_OnePulse_Stop), (100 bytes).
    Removing stm32f4xx_hal_tim.o(i.HAL_TIM_OnePulse_Stop_IT), (120 bytes).
    Removing stm32f4xx_hal_tim.o(i.HAL_TIM_PWM_ConfigChannel), (208 bytes).
    Removing stm32f4xx_hal_tim.o(i.HAL_TIM_PWM_DeInit), (56 bytes).
    Removing stm32f4xx_hal_tim.o(i.HAL_TIM_PWM_GetState), (6 bytes).
    Removing stm32f4xx_hal_tim.o(i.HAL_TIM_PWM_Init), (54 bytes).
    Removing stm32f4xx_hal_tim.o(i.HAL_TIM_PWM_MspDeInit), (2 bytes).
    Removing stm32f4xx_hal_tim.o(i.HAL_TIM_PWM_MspInit), (2 bytes).
    Removing stm32f4xx_hal_tim.o(i.HAL_TIM_PWM_Start), (56 bytes).
    Removing stm32f4xx_hal_tim.o(i.HAL_TIM_PWM_Start_DMA), (240 bytes).
    Removing stm32f4xx_hal_tim.o(i.HAL_TIM_PWM_Start_IT), (108 bytes).
    Removing stm32f4xx_hal_tim.o(i.HAL_TIM_PWM_Stop), (92 bytes).
    Removing stm32f4xx_hal_tim.o(i.HAL_TIM_PWM_Stop_DMA), (144 bytes).
    Removing stm32f4xx_hal_tim.o(i.HAL_TIM_PWM_Stop_IT), (136 bytes).
    Removing stm32f4xx_hal_tim.o(i.HAL_TIM_PeriodElapsedCallback), (2 bytes).
    Removing stm32f4xx_hal_tim.o(i.HAL_TIM_ReadCapturedValue), (68 bytes).
    Removing stm32f4xx_hal_tim.o(i.HAL_TIM_SlaveConfigSynchronization), (66 bytes).
    Removing stm32f4xx_hal_tim.o(i.HAL_TIM_SlaveConfigSynchronization_IT), (66 bytes).
    Removing stm32f4xx_hal_tim.o(i.TIM_CCxChannelCmd), (22 bytes).
    Removing stm32f4xx_hal_tim.o(i.TIM_DMACaptureCplt), (62 bytes).
    Removing stm32f4xx_hal_tim.o(i.TIM_DMADelayPulseCplt), (62 bytes).
    Removing stm32f4xx_hal_tim.o(i.TIM_DMAError), (16 bytes).
    Removing stm32f4xx_hal_tim.o(i.TIM_DMAPeriodElapsedCplt), (16 bytes).
    Removing stm32f4xx_hal_tim.o(i.TIM_DMATriggerCplt), (16 bytes).
    Removing stm32f4xx_hal_tim.o(i.TIM_ETR_SetConfig), (20 bytes).
    Removing stm32f4xx_hal_tim.o(i.TIM_ITRx_SetConfig), (16 bytes).
    Removing stm32f4xx_hal_tim.o(i.TIM_OC1_SetConfig), (88 bytes).
    Removing stm32f4xx_hal_tim.o(i.TIM_OC2_SetConfig), (100 bytes).
    Removing stm32f4xx_hal_tim.o(i.TIM_OC3_SetConfig), (96 bytes).
    Removing stm32f4xx_hal_tim.o(i.TIM_OC4_SetConfig), (80 bytes).
    Removing stm32f4xx_hal_tim.o(i.TIM_SlaveTimer_SetConfig), (124 bytes).
    Removing stm32f4xx_hal_tim.o(i.TIM_TI1_ConfigInputStage), (34 bytes).
    Removing stm32f4xx_hal_tim.o(i.TIM_TI1_SetConfig), (132 bytes).
    Removing stm32f4xx_hal_tim.o(i.TIM_TI2_ConfigInputStage), (36 bytes).
    Removing stm32f4xx_hal_tim.o(i.TIM_TI2_SetConfig), (54 bytes).
    Removing stm32f4xx_hal_flash.o(.rev16_text), (4 bytes).
    Removing stm32f4xx_hal_flash.o(.revsh_text), (4 bytes).
    Removing stm32f4xx_hal_flash.o(.rrx_text), (6 bytes).
    Removing stm32f4xx_hal_flash.o(i.FLASH_Program_Byte), (32 bytes).
    Removing stm32f4xx_hal_flash.o(i.FLASH_Program_DoubleWord), (40 bytes).
    Removing stm32f4xx_hal_flash.o(i.FLASH_Program_HalfWord), (36 bytes).
    Removing stm32f4xx_hal_flash.o(i.FLASH_Program_Word), (36 bytes).
    Removing stm32f4xx_hal_flash.o(i.FLASH_SetErrorCode), (136 bytes).
    Removing stm32f4xx_hal_flash.o(i.FLASH_WaitForLastOperation), (88 bytes).
    Removing stm32f4xx_hal_flash.o(i.HAL_FLASH_EndOfOperationCallback), (2 bytes).
    Removing stm32f4xx_hal_flash.o(i.HAL_FLASH_GetError), (12 bytes).
    Removing stm32f4xx_hal_flash.o(i.HAL_FLASH_IRQHandler), (208 bytes).
    Removing stm32f4xx_hal_flash.o(i.HAL_FLASH_Lock), (20 bytes).
    Removing stm32f4xx_hal_flash.o(i.HAL_FLASH_OB_Launch), (24 bytes).
    Removing stm32f4xx_hal_flash.o(i.HAL_FLASH_OB_Lock), (20 bytes).
    Removing stm32f4xx_hal_flash.o(i.HAL_FLASH_OB_Unlock), (40 bytes).
    Removing stm32f4xx_hal_flash.o(i.HAL_FLASH_OperationErrorCallback), (2 bytes).
    Removing stm32f4xx_hal_flash.o(i.HAL_FLASH_Program), (124 bytes).
    Removing stm32f4xx_hal_flash.o(i.HAL_FLASH_Program_IT), (108 bytes).
    Removing stm32f4xx_hal_flash.o(i.HAL_FLASH_Unlock), (40 bytes).
    Removing stm32f4xx_hal_flash.o(.bss), (32 bytes).
    Removing stm32f4xx_hal_rcc_ex.o(.rev16_text), (4 bytes).
    Removing stm32f4xx_hal_rcc_ex.o(.revsh_text), (4 bytes).
    Removing stm32f4xx_hal_rcc_ex.o(.rrx_text), (6 bytes).
    Removing stm32f4xx_hal_rcc_ex.o(i.HAL_RCCEx_GetPeriphCLKConfig), (80 bytes).
    Removing stm32f4xx_hal_rcc_ex.o(i.HAL_RCCEx_PeriphCLKConfig), (336 bytes).
    Removing stm32f4xx_hal_rcc_ex.o(i.HAL_RCC_DeInit), (100 bytes).
    Removing stm32f4xx_hal_gpio.o(.rev16_text), (4 bytes).
    Removing stm32f4xx_hal_gpio.o(.revsh_text), (4 bytes).
    Removing stm32f4xx_hal_gpio.o(.rrx_text), (6 bytes).
    Removing stm32f4xx_hal_gpio.o(i.HAL_GPIO_DeInit), (328 bytes).
    Removing stm32f4xx_hal_gpio.o(i.HAL_GPIO_EXTI_Callback), (2 bytes).
    Removing stm32f4xx_hal_gpio.o(i.HAL_GPIO_EXTI_IRQHandler), (24 bytes).
    Removing stm32f4xx_hal_gpio.o(i.HAL_GPIO_LockPin), (34 bytes).
    Removing stm32f4xx_hal_gpio.o(i.HAL_GPIO_ReadPin), (10 bytes).
    Removing stm32f4xx_hal_cortex.o(.rev16_text), (4 bytes).
    Removing stm32f4xx_hal_cortex.o(.revsh_text), (4 bytes).
    Removing stm32f4xx_hal_cortex.o(.rrx_text), (6 bytes).
    Removing stm32f4xx_hal_cortex.o(i.HAL_MPU_ConfigRegion), (84 bytes).
    Removing stm32f4xx_hal_cortex.o(i.HAL_NVIC_ClearPendingIRQ), (22 bytes).
    Removing stm32f4xx_hal_cortex.o(i.HAL_NVIC_DisableIRQ), (22 bytes).
    Removing stm32f4xx_hal_cortex.o(i.HAL_NVIC_GetActive), (32 bytes).
    Removing stm32f4xx_hal_cortex.o(i.HAL_NVIC_GetPendingIRQ), (32 bytes).
    Removing stm32f4xx_hal_cortex.o(i.HAL_NVIC_GetPriority), (82 bytes).
    Removing stm32f4xx_hal_cortex.o(i.HAL_NVIC_GetPriorityGrouping), (16 bytes).
    Removing stm32f4xx_hal_cortex.o(i.HAL_NVIC_SetPendingIRQ), (22 bytes).
    Removing stm32f4xx_hal_cortex.o(i.HAL_NVIC_SystemReset), (36 bytes).
    Removing stm32f4xx_hal_cortex.o(i.HAL_SYSTICK_Callback), (2 bytes).
    Removing stm32f4xx_hal_cortex.o(i.HAL_SYSTICK_IRQHandler), (8 bytes).
    Removing stm32f4xx_hal_dma.o(.rev16_text), (4 bytes).
    Removing stm32f4xx_hal_dma.o(.revsh_text), (4 bytes).
    Removing stm32f4xx_hal_dma.o(.rrx_text), (6 bytes).
    Removing stm32f4xx_hal_dma.o(i.DMA_CalcBaseAndBitshift), (40 bytes).
    Removing stm32f4xx_hal_dma.o(i.DMA_CheckFifoParam), (84 bytes).
    Removing stm32f4xx_hal_dma.o(i.DMA_SetConfig), (40 bytes).
    Removing stm32f4xx_hal_dma.o(i.HAL_DMA_Abort), (142 bytes).
    Removing stm32f4xx_hal_dma.o(i.HAL_DMA_DeInit), (86 bytes).
    Removing stm32f4xx_hal_dma.o(i.HAL_DMA_GetError), (4 bytes).
    Removing stm32f4xx_hal_dma.o(i.HAL_DMA_GetState), (6 bytes).
    Removing stm32f4xx_hal_dma.o(i.HAL_DMA_IRQHandler), (424 bytes).
    Removing stm32f4xx_hal_dma.o(i.HAL_DMA_Init), (208 bytes).
    Removing stm32f4xx_hal_dma.o(i.HAL_DMA_PollForTransfer), (300 bytes).
    Removing stm32f4xx_hal_dma.o(i.HAL_DMA_RegisterCallback), (80 bytes).
    Removing stm32f4xx_hal_dma.o(i.HAL_DMA_Start), (70 bytes).
    Removing stm32f4xx_hal_dma.o(i.HAL_DMA_Start_IT), (120 bytes).
    Removing stm32f4xx_hal_dma.o(i.HAL_DMA_UnRegisterCallback), (96 bytes).
    Removing stm32f4xx_hal_dma.o(.constdata), (8 bytes).
    Removing stm32f4xx_hal_uart.o(.rev16_text), (4 bytes).
    Removing stm32f4xx_hal_uart.o(.revsh_text), (4 bytes).
    Removing stm32f4xx_hal_uart.o(.rrx_text), (6 bytes).
    Removing stm32f4xx_hal_uart.o(i.HAL_HalfDuplex_EnableReceiver), (50 bytes).
    Removing stm32f4xx_hal_uart.o(i.HAL_HalfDuplex_EnableTransmitter), (50 bytes).
    Removing stm32f4xx_hal_uart.o(i.HAL_HalfDuplex_Init), (108 bytes).
    Removing stm32f4xx_hal_uart.o(i.HAL_LIN_Init), (128 bytes).
    Removing stm32f4xx_hal_uart.o(i.HAL_LIN_SendBreak), (46 bytes).
    Removing stm32f4xx_hal_uart.o(i.HAL_MultiProcessor_EnterMuteMode), (46 bytes).
    Removing stm32f4xx_hal_uart.o(i.HAL_MultiProcessor_ExitMuteMode), (46 bytes).
    Removing stm32f4xx_hal_uart.o(i.HAL_MultiProcessor_Init), (142 bytes).
    Removing stm32f4xx_hal_uart.o(i.HAL_UART_DMAPause), (102 bytes).
    Removing stm32f4xx_hal_uart.o(i.HAL_UART_DMAResume), (94 bytes).
    Removing stm32f4xx_hal_uart.o(i.HAL_UART_DMAStop), (88 bytes).
    Removing stm32f4xx_hal_uart.o(i.HAL_UART_DeInit), (40 bytes).
    Removing stm32f4xx_hal_uart.o(i.HAL_UART_GetError), (4 bytes).
    Removing stm32f4xx_hal_uart.o(i.HAL_UART_GetState), (10 bytes).
    Removing stm32f4xx_hal_uart.o(i.HAL_UART_MspDeInit), (2 bytes).
    Removing stm32f4xx_hal_uart.o(i.HAL_UART_MspInit), (2 bytes).
    Removing stm32f4xx_hal_uart.o(i.HAL_UART_Receive_DMA), (144 bytes).
    Removing stm32f4xx_hal_uart.o(i.HAL_UART_Receive_IT), (72 bytes).
    Removing stm32f4xx_hal_uart.o(i.HAL_UART_RxHalfCpltCallback), (2 bytes).
    Removing stm32f4xx_hal_uart.o(i.HAL_UART_Transmit_DMA), (128 bytes).
    Removing stm32f4xx_hal_uart.o(i.HAL_UART_Transmit_IT), (62 bytes).
    Removing stm32f4xx_hal_uart.o(i.HAL_UART_TxHalfCpltCallback), (2 bytes).
    Removing stm32f4xx_hal_uart.o(i.UART_DMAError), (74 bytes).
    Removing stm32f4xx_hal_uart.o(i.UART_DMAReceiveCplt), (60 bytes).
    Removing stm32f4xx_hal_uart.o(i.UART_DMARxHalfCplt), (10 bytes).
    Removing stm32f4xx_hal_uart.o(i.UART_DMATransmitCplt), (46 bytes).
    Removing stm32f4xx_hal_uart.o(i.UART_DMATxHalfCplt), (10 bytes).
    Removing stm32f4xx_hal_uart.o(i.UART_EndTxTransfer), (18 bytes).
    Removing stm32f4xx_hal_tim_ex.o(.rev16_text), (4 bytes).
    Removing stm32f4xx_hal_tim_ex.o(.revsh_text), (4 bytes).
    Removing stm32f4xx_hal_tim_ex.o(.rrx_text), (6 bytes).
    Removing stm32f4xx_hal_tim_ex.o(i.HAL_TIMEx_ConfigBreakDeadTime), (66 bytes).
    Removing stm32f4xx_hal_tim_ex.o(i.HAL_TIMEx_ConfigCommutationEvent), (92 bytes).
    Removing stm32f4xx_hal_tim_ex.o(i.HAL_TIMEx_ConfigCommutationEvent_DMA), (124 bytes).
    Removing stm32f4xx_hal_tim_ex.o(i.HAL_TIMEx_ConfigCommutationEvent_IT), (102 bytes).
    Removing stm32f4xx_hal_tim_ex.o(i.HAL_TIMEx_HallSensor_DeInit), (56 bytes).
    Removing stm32f4xx_hal_tim_ex.o(i.HAL_TIMEx_HallSensor_GetState), (6 bytes).
    Removing stm32f4xx_hal_tim_ex.o(i.HAL_TIMEx_HallSensor_Init), (176 bytes).
    Removing stm32f4xx_hal_tim_ex.o(i.HAL_TIMEx_HallSensor_MspDeInit), (2 bytes).
    Removing stm32f4xx_hal_tim_ex.o(i.HAL_TIMEx_HallSensor_MspInit), (2 bytes).
    Removing stm32f4xx_hal_tim_ex.o(i.HAL_TIMEx_HallSensor_Start), (28 bytes).
    Removing stm32f4xx_hal_tim_ex.o(i.HAL_TIMEx_HallSensor_Start_DMA), (104 bytes).
    Removing stm32f4xx_hal_tim_ex.o(i.HAL_TIMEx_HallSensor_Start_IT), (38 bytes).
    Removing stm32f4xx_hal_tim_ex.o(i.HAL_TIMEx_HallSensor_Stop), (46 bytes).
    Removing stm32f4xx_hal_tim_ex.o(i.HAL_TIMEx_HallSensor_Stop_DMA), (56 bytes).
    Removing stm32f4xx_hal_tim_ex.o(i.HAL_TIMEx_HallSensor_Stop_IT), (56 bytes).
    Removing stm32f4xx_hal_tim_ex.o(i.HAL_TIMEx_MasterConfigSynchronization), (80 bytes).
    Removing stm32f4xx_hal_tim_ex.o(i.HAL_TIMEx_OCN_Start), (36 bytes).
    Removing stm32f4xx_hal_tim_ex.o(i.HAL_TIMEx_OCN_Start_DMA), (220 bytes).
    Removing stm32f4xx_hal_tim_ex.o(i.HAL_TIMEx_OCN_Start_IT), (96 bytes).
    Removing stm32f4xx_hal_tim_ex.o(i.HAL_TIMEx_OCN_Stop), (68 bytes).
    Removing stm32f4xx_hal_tim_ex.o(i.HAL_TIMEx_OCN_Stop_DMA), (124 bytes).
    Removing stm32f4xx_hal_tim_ex.o(i.HAL_TIMEx_OCN_Stop_IT), (134 bytes).
    Removing stm32f4xx_hal_tim_ex.o(i.HAL_TIMEx_OnePulseN_Start), (26 bytes).
    Removing stm32f4xx_hal_tim_ex.o(i.HAL_TIMEx_OnePulseN_Start_IT), (46 bytes).
    Removing stm32f4xx_hal_tim_ex.o(i.HAL_TIMEx_OnePulseN_Stop), (68 bytes).
    Removing stm32f4xx_hal_tim_ex.o(i.HAL_TIMEx_OnePulseN_Stop_IT), (88 bytes).
    Removing stm32f4xx_hal_tim_ex.o(i.HAL_TIMEx_PWMN_Start), (36 bytes).
    Removing stm32f4xx_hal_tim_ex.o(i.HAL_TIMEx_PWMN_Start_DMA), (220 bytes).
    Removing stm32f4xx_hal_tim_ex.o(i.HAL_TIMEx_PWMN_Start_IT), (96 bytes).
    Removing stm32f4xx_hal_tim_ex.o(i.HAL_TIMEx_PWMN_Stop), (68 bytes).
    Removing stm32f4xx_hal_tim_ex.o(i.HAL_TIMEx_PWMN_Stop_DMA), (124 bytes).
    Removing stm32f4xx_hal_tim_ex.o(i.HAL_TIMEx_PWMN_Stop_IT), (134 bytes).
    Removing stm32f4xx_hal_tim_ex.o(i.HAL_TIMEx_RemapConfig), (34 bytes).
    Removing stm32f4xx_hal_tim_ex.o(i.TIMEx_DMACommutationCplt), (16 bytes).
    Removing stm32f4xx_hal_tim_ex.o(i.TIM_CCxNChannelCmd), (22 bytes).
    Removing stm32f4xx_hal_pwr.o(.rev16_text), (4 bytes).
    Removing stm32f4xx_hal_pwr.o(.revsh_text), (4 bytes).
    Removing stm32f4xx_hal_pwr.o(.rrx_text), (6 bytes).
    Removing stm32f4xx_hal_pwr.o(i.HAL_PWR_ConfigPVD), (124 bytes).
    Removing stm32f4xx_hal_pwr.o(i.HAL_PWR_DeInit), (24 bytes).
    Removing stm32f4xx_hal_pwr.o(i.HAL_PWR_DisableBkUpAccess), (28 bytes).
    Removing stm32f4xx_hal_pwr.o(i.HAL_PWR_DisablePVD), (24 bytes).
    Removing stm32f4xx_hal_pwr.o(i.HAL_PWR_DisableSEVOnPend), (16 bytes).
    Removing stm32f4xx_hal_pwr.o(i.HAL_PWR_DisableSleepOnExit), (16 bytes).
    Removing stm32f4xx_hal_pwr.o(i.HAL_PWR_DisableWakeUpPin), (16 bytes).
    Removing stm32f4xx_hal_pwr.o(i.HAL_PWR_EnableBkUpAccess), (24 bytes).
    Removing stm32f4xx_hal_pwr.o(i.HAL_PWR_EnablePVD), (24 bytes).
    Removing stm32f4xx_hal_pwr.o(i.HAL_PWR_EnableSEVOnPend), (16 bytes).
    Removing stm32f4xx_hal_pwr.o(i.HAL_PWR_EnableSleepOnExit), (16 bytes).
    Removing stm32f4xx_hal_pwr.o(i.HAL_PWR_EnableWakeUpPin), (16 bytes).
    Removing stm32f4xx_hal_pwr.o(i.HAL_PWR_EnterSLEEPMode), (32 bytes).
    Removing stm32f4xx_hal_pwr.o(i.HAL_PWR_EnterSTANDBYMode), (32 bytes).
    Removing stm32f4xx_hal_pwr.o(i.HAL_PWR_EnterSTOPMode), (56 bytes).
    Removing stm32f4xx_hal_pwr.o(i.HAL_PWR_PVDCallback), (2 bytes).
    Removing stm32f4xx_hal_pwr.o(i.HAL_PWR_PVD_IRQHandler), (28 bytes).
    Removing stm32f4xx_hal_rcc.o(.rev16_text), (4 bytes).
    Removing stm32f4xx_hal_rcc.o(.revsh_text), (4 bytes).
    Removing stm32f4xx_hal_rcc.o(.rrx_text), (6 bytes).
    Removing stm32f4xx_hal_rcc.o(i.HAL_RCC_CSSCallback), (2 bytes).
    Removing stm32f4xx_hal_rcc.o(i.HAL_RCC_DeInit), (2 bytes).
    Removing stm32f4xx_hal_rcc.o(i.HAL_RCC_DisableCSS), (12 bytes).
    Removing stm32f4xx_hal_rcc.o(i.HAL_RCC_EnableCSS), (12 bytes).
    Removing stm32f4xx_hal_rcc.o(i.HAL_RCC_GetOscConfig), (224 bytes).
    Removing stm32f4xx_hal_rcc.o(i.HAL_RCC_MCOConfig), (140 bytes).
    Removing stm32f4xx_hal_rcc.o(i.HAL_RCC_NMI_IRQHandler), (28 bytes).
    Removing stm32f4xx_hal_dma_ex.o(.rev16_text), (4 bytes).
    Removing stm32f4xx_hal_dma_ex.o(.revsh_text), (4 bytes).
    Removing stm32f4xx_hal_dma_ex.o(.rrx_text), (6 bytes).
    Removing stm32f4xx_hal_dma_ex.o(i.DMA_MultiBufferSetConfig), (30 bytes).
    Removing stm32f4xx_hal_dma_ex.o(i.HAL_DMAEx_ChangeMemory), (14 bytes).
    Removing stm32f4xx_hal_dma_ex.o(i.HAL_DMAEx_MultiBufferStart), (100 bytes).
    Removing stm32f4xx_hal_dma_ex.o(i.HAL_DMAEx_MultiBufferStart_IT), (2452 bytes).
    Removing stm32f4xx_hal_flash_ramfunc.o(.rev16_text), (4 bytes).
    Removing stm32f4xx_hal_flash_ramfunc.o(.revsh_text), (4 bytes).
    Removing stm32f4xx_hal_flash_ramfunc.o(.rrx_text), (6 bytes).
    Removing startup_stm32f407xx.o(HEAP), (512 bytes).
    Removing system_stm32f4xx.o(.rev16_text), (4 bytes).
    Removing system_stm32f4xx.o(.revsh_text), (4 bytes).
    Removing system_stm32f4xx.o(.rrx_text), (6 bytes).
    Removing system_stm32f4xx.o(i.SystemCoreClockUpdate), (120 bytes).
    Removing system_stm32f4xx.o(.constdata), (16 bytes).
    Removing stm32f4xx_hal_msp.o(.rev16_text), (4 bytes).
    Removing stm32f4xx_hal_msp.o(.revsh_text), (4 bytes).
    Removing stm32f4xx_hal_msp.o(.rrx_text), (6 bytes).
    Removing freertos.o(.rev16_text), (4 bytes).
    Removing freertos.o(.revsh_text), (4 bytes).
    Removing freertos.o(.data), (4 bytes).
    Removing freertos.o(.data), (4 bytes).
    Removing stm32f4xx_it.o(.rev16_text), (4 bytes).
    Removing stm32f4xx_it.o(.revsh_text), (4 bytes).
    Removing stm32f4xx_it.o(.rrx_text), (6 bytes).
    Removing main.o(.rev16_text), (4 bytes).
    Removing main.o(.revsh_text), (4 bytes).
    Removing main.o(.rrx_text), (6 bytes).
    Removing stm32f4xx_hal_timebase_tim.o(.rev16_text), (4 bytes).
    Removing stm32f4xx_hal_timebase_tim.o(.revsh_text), (4 bytes).
    Removing stm32f4xx_hal_timebase_tim.o(.rrx_text), (6 bytes).
    Removing stm32f4xx_hal_timebase_tim.o(i.HAL_ResumeTick), (20 bytes).
    Removing stm32f4xx_hal_timebase_tim.o(i.HAL_SuspendTick), (20 bytes).
    Removing stm32f4xx_hal_timebase_tim.o(.data), (4 bytes).
    Removing gpio.o(.rev16_text), (4 bytes).
    Removing gpio.o(.revsh_text), (4 bytes).
    Removing gpio.o(.rrx_text), (6 bytes).
    Removing usart.o(.rev16_text), (4 bytes).
    Removing usart.o(.revsh_text), (4 bytes).
    Removing usart.o(.rrx_text), (6 bytes).
    Removing usart.o(i.HAL_UART_MspDeInit), (56 bytes).
    Removing delay.o(.rev16_text), (4 bytes).
    Removing delay.o(.revsh_text), (4 bytes).
    Removing delay.o(.rrx_text), (6 bytes).
    Removing delay.o(i.delay_init), (20 bytes).
    Removing delay.o(i.delay_ms), (26 bytes).
    Removing delay.o(i.delay_us), (52 bytes).
    Removing delay.o(.data), (4 bytes).
    Removing sys.o(.rev16_text), (4 bytes).
    Removing sys.o(.revsh_text), (4 bytes).
    Removing sys.o(.rrx_text), (6 bytes).
    Removing usrt.o(.rev16_text), (4 bytes).
    Removing usrt.o(.revsh_text), (4 bytes).
    Removing usrt.o(.rrx_text), (6 bytes).
    Removing usrt.o(i._sys_exit), (2 bytes).
    Removing usrt.o(i.uart_init), (36 bytes).
    Removing usrt.o(.data), (1 bytes).
    Removing dadd.o(.text), (334 bytes).
    Removing dmul.o(.text), (228 bytes).
    Removing ddiv.o(.text), (222 bytes).
    Removing dfixul.o(.text), (48 bytes).
    Removing cdrcmple.o(.text), (48 bytes).
    Removing depilogue.o(.text), (186 bytes).

490 unused section(s) (total 31187 bytes) removed from the image.

==============================================================================

Image Symbol Table

    Local Symbols

    Symbol Name                              Value     Ov Type        Size  Object(Section)

    ../Drivers/CMSIS//Device/ST/STM32F4xx/Source/Templates/system_stm32f4xx.c 0x00000000   Number         0  system_stm32f4xx.o ABSOLUTE
    ../Drivers/STM32F4xx_HAL_Driver/Src/stm32f4xx_hal.c 0x00000000   Number         0  stm32f4xx_hal.o ABSOLUTE
    ../Drivers/STM32F4xx_HAL_Driver/Src/stm32f4xx_hal_cortex.c 0x00000000   Number         0  stm32f4xx_hal_cortex.o ABSOLUTE
    ../Drivers/STM32F4xx_HAL_Driver/Src/stm32f4xx_hal_dma.c 0x00000000   Number         0  stm32f4xx_hal_dma.o ABSOLUTE
    ../Drivers/STM32F4xx_HAL_Driver/Src/stm32f4xx_hal_dma_ex.c 0x00000000   Number         0  stm32f4xx_hal_dma_ex.o ABSOLUTE
    ../Drivers/STM32F4xx_HAL_Driver/Src/stm32f4xx_hal_flash.c 0x00000000   Number         0  stm32f4xx_hal_flash.o ABSOLUTE
    ../Drivers/STM32F4xx_HAL_Driver/Src/stm32f4xx_hal_flash_ex.c 0x00000000   Number         0  stm32f4xx_hal_flash_ex.o ABSOLUTE
    ../Drivers/STM32F4xx_HAL_Driver/Src/stm32f4xx_hal_flash_ramfunc.c 0x00000000   Number         0  stm32f4xx_hal_flash_ramfunc.o ABSOLUTE
    ../Drivers/STM32F4xx_HAL_Driver/Src/stm32f4xx_hal_gpio.c 0x00000000   Number         0  stm32f4xx_hal_gpio.o ABSOLUTE
    ../Drivers/STM32F4xx_HAL_Driver/Src/stm32f4xx_hal_pwr.c 0x00000000   Number         0  stm32f4xx_hal_pwr.o ABSOLUTE
    ../Drivers/STM32F4xx_HAL_Driver/Src/stm32f4xx_hal_pwr_ex.c 0x00000000   Number         0  stm32f4xx_hal_pwr_ex.o ABSOLUTE
    ../Drivers/STM32F4xx_HAL_Driver/Src/stm32f4xx_hal_rcc.c 0x00000000   Number         0  stm32f4xx_hal_rcc.o ABSOLUTE
    ../Drivers/STM32F4xx_HAL_Driver/Src/stm32f4xx_hal_rcc_ex.c 0x00000000   Number         0  stm32f4xx_hal_rcc_ex.o ABSOLUTE
    ../Drivers/STM32F4xx_HAL_Driver/Src/stm32f4xx_hal_tim.c 0x00000000   Number         0  stm32f4xx_hal_tim.o ABSOLUTE
    ../Drivers/STM32F4xx_HAL_Driver/Src/stm32f4xx_hal_tim_ex.c 0x00000000   Number         0  stm32f4xx_hal_tim_ex.o ABSOLUTE
    ../Drivers/STM32F4xx_HAL_Driver/Src/stm32f4xx_hal_uart.c 0x00000000   Number         0  stm32f4xx_hal_uart.o ABSOLUTE
    ../Middlewares/Third_Party/FreeRTOS/Source/CMSIS_RTOS/cmsis_os.c 0x00000000   Number         0  cmsis_os.o ABSOLUTE
    ../Middlewares/Third_Party/FreeRTOS/Source/croutine.c 0x00000000   Number         0  croutine.o ABSOLUTE
    ../Middlewares/Third_Party/FreeRTOS/Source/event_groups.c 0x00000000   Number         0  event_groups.o ABSOLUTE
    ../Middlewares/Third_Party/FreeRTOS/Source/list.c 0x00000000   Number         0  list.o ABSOLUTE
    ../Middlewares/Third_Party/FreeRTOS/Source/portable/MemMang/heap_4.c 0x00000000   Number         0  heap_4.o ABSOLUTE
    ../Middlewares/Third_Party/FreeRTOS/Source/portable/RVDS/ARM_CM4F/port.c 0x00000000   Number         0  port.o ABSOLUTE
    ../Middlewares/Third_Party/FreeRTOS/Source/queue.c 0x00000000   Number         0  queue.o ABSOLUTE
    ../Middlewares/Third_Party/FreeRTOS/Source/tasks.c 0x00000000   Number         0  tasks.o ABSOLUTE
    ../Middlewares/Third_Party/FreeRTOS/Source/timers.c 0x00000000   Number         0  timers.o ABSOLUTE
    ../Src/freertos.c                        0x00000000   Number         0  freertos.o ABSOLUTE
    ../Src/gpio.c                            0x00000000   Number         0  gpio.o ABSOLUTE
    ../Src/main.c                            0x00000000   Number         0  main.o ABSOLUTE
    ../Src/stm32f4xx_hal_msp.c               0x00000000   Number         0  stm32f4xx_hal_msp.o ABSOLUTE
    ../Src/stm32f4xx_hal_timebase_TIM.c      0x00000000   Number         0  stm32f4xx_hal_timebase_tim.o ABSOLUTE
    ../Src/stm32f4xx_it.c                    0x00000000   Number         0  stm32f4xx_it.o ABSOLUTE
    ../Src/usart.c                           0x00000000   Number         0  usart.o ABSOLUTE
    ../clib/microlib/division.c              0x00000000   Number         0  uldiv.o ABSOLUTE
    ../clib/microlib/division.c              0x00000000   Number         0  uidiv.o ABSOLUTE
    ../clib/microlib/init/entry.s            0x00000000   Number         0  entry9a.o ABSOLUTE
    ../clib/microlib/init/entry.s            0x00000000   Number         0  entry.o ABSOLUTE
    ../clib/microlib/init/entry.s            0x00000000   Number         0  entry2.o ABSOLUTE
    ../clib/microlib/init/entry.s            0x00000000   Number         0  entry5.o ABSOLUTE
    ../clib/microlib/init/entry.s            0x00000000   Number         0  entry7a.o ABSOLUTE
    ../clib/microlib/init/entry.s            0x00000000   Number         0  entry7b.o ABSOLUTE
    ../clib/microlib/init/entry.s            0x00000000   Number         0  entry11b.o ABSOLUTE
    ../clib/microlib/init/entry.s            0x00000000   Number         0  entry8b.o ABSOLUTE
    ../clib/microlib/init/entry.s            0x00000000   Number         0  entry11a.o ABSOLUTE
    ../clib/microlib/init/entry.s            0x00000000   Number         0  entry10b.o ABSOLUTE
    ../clib/microlib/init/entry.s            0x00000000   Number         0  entry8a.o ABSOLUTE
    ../clib/microlib/init/entry.s            0x00000000   Number         0  entry10a.o ABSOLUTE
    ../clib/microlib/init/entry.s            0x00000000   Number         0  entry9b.o ABSOLUTE
    ../clib/microlib/longlong.c              0x00000000   Number         0  llsshr.o ABSOLUTE
    ../clib/microlib/longlong.c              0x00000000   Number         0  llushr.o ABSOLUTE
    ../clib/microlib/longlong.c              0x00000000   Number         0  llshl.o ABSOLUTE
    ../clib/microlib/printf/printf.c         0x00000000   Number         0  printf0.o ABSOLUTE
    ../clib/microlib/printf/printf.c         0x00000000   Number         0  printfb.o ABSOLUTE
    ../clib/microlib/printf/printf.c         0x00000000   Number         0  printfa.o ABSOLUTE
    ../clib/microlib/printf/printf.c         0x00000000   Number         0  printf8.o ABSOLUTE
    ../clib/microlib/printf/printf.c         0x00000000   Number         0  printf7.o ABSOLUTE
    ../clib/microlib/printf/printf.c         0x00000000   Number         0  printf6.o ABSOLUTE
    ../clib/microlib/printf/printf.c         0x00000000   Number         0  printf5.o ABSOLUTE
    ../clib/microlib/printf/printf.c         0x00000000   Number         0  printf4.o ABSOLUTE
    ../clib/microlib/printf/printf.c         0x00000000   Number         0  printf3.o ABSOLUTE
    ../clib/microlib/printf/printf.c         0x00000000   Number         0  printf2.o ABSOLUTE
    ../clib/microlib/printf/printf.c         0x00000000   Number         0  printf1.o ABSOLUTE
    ../clib/microlib/string/memcpy.c         0x00000000   Number         0  memcpyb.o ABSOLUTE
    ../clib/microlib/string/memcpy.c         0x00000000   Number         0  memcpya.o ABSOLUTE
    ../clib/microlib/string/memset.c         0x00000000   Number         0  memseta.o ABSOLUTE
    ../clib/microlib/stubs.s                 0x00000000   Number         0  useno.o ABSOLUTE
    ../clib/microlib/stubs.s                 0x00000000   Number         0  iusefp.o ABSOLUTE
    ../fplib/microlib/fpadd.c                0x00000000   Number         0  dadd.o ABSOLUTE
    ../fplib/microlib/fpdiv.c                0x00000000   Number         0  ddiv.o ABSOLUTE
    ../fplib/microlib/fpepilogue.c           0x00000000   Number         0  depilogue.o ABSOLUTE
    ../fplib/microlib/fpfix.c                0x00000000   Number         0  dfixul.o ABSOLUTE
    ../fplib/microlib/fpmul.c                0x00000000   Number         0  dmul.o ABSOLUTE
    ..\Drivers\CMSIS\\Device\ST\STM32F4xx\Source\Templates\system_stm32f4xx.c 0x00000000   Number         0  system_stm32f4xx.o ABSOLUTE
    ..\Drivers\STM32F4xx_HAL_Driver\Src\stm32f4xx_hal.c 0x00000000   Number         0  stm32f4xx_hal.o ABSOLUTE
    ..\Drivers\STM32F4xx_HAL_Driver\Src\stm32f4xx_hal_cortex.c 0x00000000   Number         0  stm32f4xx_hal_cortex.o ABSOLUTE
    ..\Drivers\STM32F4xx_HAL_Driver\Src\stm32f4xx_hal_dma.c 0x00000000   Number         0  stm32f4xx_hal_dma.o ABSOLUTE
    ..\Drivers\STM32F4xx_HAL_Driver\Src\stm32f4xx_hal_dma_ex.c 0x00000000   Number         0  stm32f4xx_hal_dma_ex.o ABSOLUTE
    ..\Drivers\STM32F4xx_HAL_Driver\Src\stm32f4xx_hal_flash.c 0x00000000   Number         0  stm32f4xx_hal_flash.o ABSOLUTE
    ..\Drivers\STM32F4xx_HAL_Driver\Src\stm32f4xx_hal_flash_ex.c 0x00000000   Number         0  stm32f4xx_hal_flash_ex.o ABSOLUTE
    ..\Drivers\STM32F4xx_HAL_Driver\Src\stm32f4xx_hal_flash_ramfunc.c 0x00000000   Number         0  stm32f4xx_hal_flash_ramfunc.o ABSOLUTE
    ..\Drivers\STM32F4xx_HAL_Driver\Src\stm32f4xx_hal_gpio.c 0x00000000   Number         0  stm32f4xx_hal_gpio.o ABSOLUTE
    ..\Drivers\STM32F4xx_HAL_Driver\Src\stm32f4xx_hal_pwr.c 0x00000000   Number         0  stm32f4xx_hal_pwr.o ABSOLUTE
    ..\Drivers\STM32F4xx_HAL_Driver\Src\stm32f4xx_hal_pwr_ex.c 0x00000000   Number         0  stm32f4xx_hal_pwr_ex.o ABSOLUTE
    ..\Drivers\STM32F4xx_HAL_Driver\Src\stm32f4xx_hal_rcc.c 0x00000000   Number         0  stm32f4xx_hal_rcc.o ABSOLUTE
    ..\Drivers\STM32F4xx_HAL_Driver\Src\stm32f4xx_hal_rcc_ex.c 0x00000000   Number         0  stm32f4xx_hal_rcc_ex.o ABSOLUTE
    ..\Drivers\STM32F4xx_HAL_Driver\Src\stm32f4xx_hal_tim.c 0x00000000   Number         0  stm32f4xx_hal_tim.o ABSOLUTE
    ..\Drivers\STM32F4xx_HAL_Driver\Src\stm32f4xx_hal_tim_ex.c 0x00000000   Number         0  stm32f4xx_hal_tim_ex.o ABSOLUTE
    ..\Drivers\STM32F4xx_HAL_Driver\Src\stm32f4xx_hal_uart.c 0x00000000   Number         0  stm32f4xx_hal_uart.o ABSOLUTE
    ..\Middlewares\Third_Party\FreeRTOS\Source\CMSIS_RTOS\cmsis_os.c 0x00000000   Number         0  cmsis_os.o ABSOLUTE
    ..\Middlewares\Third_Party\FreeRTOS\Source\portable\RVDS\ARM_CM4F\port.c 0x00000000   Number         0  port.o ABSOLUTE
    ..\SYSTEM\delay.c                        0x00000000   Number         0  delay.o ABSOLUTE
    ..\SYSTEM\sys.c                          0x00000000   Number         0  sys.o ABSOLUTE
    ..\SYSTEM\usrt.c                         0x00000000   Number         0  usrt.o ABSOLUTE
    ..\Src\freertos.c                        0x00000000   Number         0  freertos.o ABSOLUTE
    ..\Src\gpio.c                            0x00000000   Number         0  gpio.o ABSOLUTE
    ..\Src\main.c                            0x00000000   Number         0  main.o ABSOLUTE
    ..\Src\stm32f4xx_hal_msp.c               0x00000000   Number         0  stm32f4xx_hal_msp.o ABSOLUTE
    ..\Src\stm32f4xx_hal_timebase_TIM.c      0x00000000   Number         0  stm32f4xx_hal_timebase_tim.o ABSOLUTE
    ..\Src\stm32f4xx_it.c                    0x00000000   Number         0  stm32f4xx_it.o ABSOLUTE
    ..\Src\usart.c                           0x00000000   Number         0  usart.o ABSOLUTE
    ..\\SYSTEM\\delay.c                      0x00000000   Number         0  delay.o ABSOLUTE
    ..\\SYSTEM\\sys.c                        0x00000000   Number         0  sys.o ABSOLUTE
    ..\\SYSTEM\\usrt.c                       0x00000000   Number         0  usrt.o ABSOLUTE
    cdrcmple.s                               0x00000000   Number         0  cdrcmple.o ABSOLUTE
    dc.s                                     0x00000000   Number         0  dc.o ABSOLUTE
    handlers.s                               0x00000000   Number         0  handlers.o ABSOLUTE
    init.s                                   0x00000000   Number         0  init.o ABSOLUTE
    startup_stm32f407xx.s                    0x00000000   Number         0  startup_stm32f407xx.o ABSOLUTE
    RESET                                    0x08000000   Section      392  startup_stm32f407xx.o(RESET)
    .ARM.Collect$$$$00000000                 0x08000188   Section        0  entry.o(.ARM.Collect$$$$00000000)
    .ARM.Collect$$$$00000001                 0x08000188   Section        4  entry2.o(.ARM.Collect$$$$00000001)
    .ARM.Collect$$$$00000004                 0x0800018c   Section        4  entry5.o(.ARM.Collect$$$$00000004)
    .ARM.Collect$$$$00000008                 0x08000190   Section        0  entry7b.o(.ARM.Collect$$$$00000008)
    .ARM.Collect$$$$0000000A                 0x08000190   Section        0  entry8b.o(.ARM.Collect$$$$0000000A)
    .ARM.Collect$$$$0000000B                 0x08000190   Section        8  entry9a.o(.ARM.Collect$$$$0000000B)
    .ARM.Collect$$$$0000000D                 0x08000198   Section        0  entry10a.o(.ARM.Collect$$$$0000000D)
    .ARM.Collect$$$$0000000F                 0x08000198   Section        0  entry11a.o(.ARM.Collect$$$$0000000F)
    .ARM.Collect$$$$00002712                 0x08000198   Section        4  entry2.o(.ARM.Collect$$$$00002712)
    __lit__00000000                          0x08000198   Data           4  entry2.o(.ARM.Collect$$$$00002712)
    .emb_text                                0x0800019c   Section      186  port.o(.emb_text)
    $v0                                      0x0800019c   Number         0  port.o(.emb_text)
    .text                                    0x08000258   Section       36  startup_stm32f407xx.o(.text)
    $v0                                      0x08000258   Number         0  startup_stm32f407xx.o(.text)
    .text                                    0x0800027c   Section        0  memcpya.o(.text)
    .text                                    0x080002a0   Section        0  memseta.o(.text)
    .text                                    0x080002c4   Section       36  init.o(.text)
    i.BusFault_Handler                       0x080002e8   Section        0  stm32f4xx_it.o(i.BusFault_Handler)
    i.DebugMon_Handler                       0x080002ea   Section        0  stm32f4xx_it.o(i.DebugMon_Handler)
    i.Error_Handler                          0x080002ec   Section        0  main.o(i.Error_Handler)
    i.Func_LED                               0x080002f0   Section        0  freertos.o(i.Func_LED)
    i.Func_WIFI                              0x08000324   Section        0  freertos.o(i.Func_WIFI)
    i.Func_usart                             0x080003b8   Section        0  freertos.o(i.Func_usart)
    i.HAL_DMA_Abort_IT                       0x08000430   Section        0  stm32f4xx_hal_dma.o(i.HAL_DMA_Abort_IT)
    i.HAL_GPIO_Init                          0x08000454   Section        0  stm32f4xx_hal_gpio.o(i.HAL_GPIO_Init)
    i.HAL_GPIO_TogglePin                     0x08000604   Section        0  stm32f4xx_hal_gpio.o(i.HAL_GPIO_TogglePin)
    i.HAL_GPIO_WritePin                      0x0800060c   Section        0  stm32f4xx_hal_gpio.o(i.HAL_GPIO_WritePin)
    i.HAL_GetTick                            0x08000618   Section        0  stm32f4xx_hal.o(i.HAL_GetTick)
    i.HAL_IncTick                            0x08000624   Section        0  stm32f4xx_hal.o(i.HAL_IncTick)
    i.HAL_Init                               0x08000634   Section        0  stm32f4xx_hal.o(i.HAL_Init)
    i.HAL_InitTick                           0x08000668   Section        0  stm32f4xx_hal_timebase_tim.o(i.HAL_InitTick)
    i.HAL_MspInit                            0x080006dc   Section        0  stm32f4xx_hal_msp.o(i.HAL_MspInit)
    i.HAL_NVIC_EnableIRQ                     0x08000734   Section        0  stm32f4xx_hal_cortex.o(i.HAL_NVIC_EnableIRQ)
    i.HAL_NVIC_SetPriority                   0x0800074c   Section        0  stm32f4xx_hal_cortex.o(i.HAL_NVIC_SetPriority)
    i.HAL_NVIC_SetPriorityGrouping           0x0800078c   Section        0  stm32f4xx_hal_cortex.o(i.HAL_NVIC_SetPriorityGrouping)
    i.HAL_RCC_ClockConfig                    0x080007b0   Section        0  stm32f4xx_hal_rcc.o(i.HAL_RCC_ClockConfig)
    i.HAL_RCC_GetClockConfig                 0x0800092c   Section        0  stm32f4xx_hal_rcc.o(i.HAL_RCC_GetClockConfig)
    i.HAL_RCC_GetHCLKFreq                    0x0800096c   Section        0  stm32f4xx_hal_rcc.o(i.HAL_RCC_GetHCLKFreq)
    i.HAL_RCC_GetPCLK1Freq                   0x08000978   Section        0  stm32f4xx_hal_rcc.o(i.HAL_RCC_GetPCLK1Freq)
    i.HAL_RCC_GetPCLK2Freq                   0x080009a8   Section        0  stm32f4xx_hal_rcc.o(i.HAL_RCC_GetPCLK2Freq)
    i.HAL_RCC_GetSysClockFreq                0x080009d8   Section        0  stm32f4xx_hal_rcc.o(i.HAL_RCC_GetSysClockFreq)
    i.HAL_RCC_OscConfig                      0x08000a48   Section        0  stm32f4xx_hal_rcc.o(i.HAL_RCC_OscConfig)
    i.HAL_SYSTICK_CLKSourceConfig            0x08000d2c   Section        0  stm32f4xx_hal_cortex.o(i.HAL_SYSTICK_CLKSourceConfig)
    i.HAL_SYSTICK_Config                     0x08000d44   Section        0  stm32f4xx_hal_cortex.o(i.HAL_SYSTICK_Config)
    i.HAL_TIMEx_BreakCallback                0x08000d6c   Section        0  stm32f4xx_hal_tim_ex.o(i.HAL_TIMEx_BreakCallback)
    i.HAL_TIMEx_CommutationCallback          0x08000d6e   Section        0  stm32f4xx_hal_tim_ex.o(i.HAL_TIMEx_CommutationCallback)
    i.HAL_TIM_Base_Init                      0x08000d70   Section        0  stm32f4xx_hal_tim.o(i.HAL_TIM_Base_Init)
    i.HAL_TIM_Base_MspInit                   0x08000da6   Section        0  stm32f4xx_hal_tim.o(i.HAL_TIM_Base_MspInit)
    i.HAL_TIM_Base_Start_IT                  0x08000da8   Section        0  stm32f4xx_hal_tim.o(i.HAL_TIM_Base_Start_IT)
    i.HAL_TIM_IC_CaptureCallback             0x08000dc0   Section        0  stm32f4xx_hal_tim.o(i.HAL_TIM_IC_CaptureCallback)
    i.HAL_TIM_IRQHandler                     0x08000dc2   Section        0  stm32f4xx_hal_tim.o(i.HAL_TIM_IRQHandler)
    i.HAL_TIM_OC_DelayElapsedCallback        0x08000f28   Section        0  stm32f4xx_hal_tim.o(i.HAL_TIM_OC_DelayElapsedCallback)
    i.HAL_TIM_PWM_PulseFinishedCallback      0x08000f2a   Section        0  stm32f4xx_hal_tim.o(i.HAL_TIM_PWM_PulseFinishedCallback)
    i.HAL_TIM_PeriodElapsedCallback          0x08000f2c   Section        0  main.o(i.HAL_TIM_PeriodElapsedCallback)
    i.HAL_TIM_TriggerCallback                0x08000f40   Section        0  stm32f4xx_hal_tim.o(i.HAL_TIM_TriggerCallback)
    i.HAL_UART_ErrorCallback                 0x08000f42   Section        0  stm32f4xx_hal_uart.o(i.HAL_UART_ErrorCallback)
    i.HAL_UART_IRQHandler                    0x08000f44   Section        0  stm32f4xx_hal_uart.o(i.HAL_UART_IRQHandler)
    i.HAL_UART_Init                          0x08001054   Section        0  stm32f4xx_hal_uart.o(i.HAL_UART_Init)
    i.HAL_UART_MspInit                       0x080010b8   Section        0  usart.o(i.HAL_UART_MspInit)
    i.HAL_UART_Receive                       0x08001198   Section        0  stm32f4xx_hal_uart.o(i.HAL_UART_Receive)
    i.HAL_UART_RxCpltCallback                0x08001250   Section        0  stm32f4xx_hal_uart.o(i.HAL_UART_RxCpltCallback)
    i.HAL_UART_Transmit                      0x08001252   Section        0  stm32f4xx_hal_uart.o(i.HAL_UART_Transmit)
    i.HAL_UART_TxCpltCallback                0x0800130c   Section        0  stm32f4xx_hal_uart.o(i.HAL_UART_TxCpltCallback)
    i.HardFault_Handler                      0x0800130e   Section        0  stm32f4xx_it.o(i.HardFault_Handler)
    i.MX_FREERTOS_Init                       0x08001310   Section        0  freertos.o(i.MX_FREERTOS_Init)
    i.MX_GPIO_Init                           0x08001378   Section        0  gpio.o(i.MX_GPIO_Init)
    i.MX_USART3_UART_Init                    0x080013e0   Section        0  usart.o(i.MX_USART3_UART_Init)
    i.MemManage_Handler                      0x08001438   Section        0  stm32f4xx_it.o(i.MemManage_Handler)
    i.NMI_Handler                            0x0800143a   Section        0  stm32f4xx_it.o(i.NMI_Handler)
    i.NVIC_SetPriority                       0x0800143c   Section        0  stm32f4xx_hal_cortex.o(i.NVIC_SetPriority)
    NVIC_SetPriority                         0x0800143d   Thumb Code    32  stm32f4xx_hal_cortex.o(i.NVIC_SetPriority)
    i.StartDefaultTask                       0x0800145c   Section        0  freertos.o(i.StartDefaultTask)
    i.SysTick_Handler                        0x08001464   Section        0  stm32f4xx_it.o(i.SysTick_Handler)
    i.SystemClock_Config                     0x08001468   Section        0  main.o(i.SystemClock_Config)
    i.SystemInit                             0x08001504   Section        0  system_stm32f4xx.o(i.SystemInit)
    i.TIM8_TRG_COM_TIM14_IRQHandler          0x08001558   Section        0  stm32f4xx_it.o(i.TIM8_TRG_COM_TIM14_IRQHandler)
    i.TIM_Base_SetConfig                     0x08001564   Section        0  stm32f4xx_hal_tim.o(i.TIM_Base_SetConfig)
    i.UART_DMAAbortOnError                   0x08001624   Section        0  stm32f4xx_hal_uart.o(i.UART_DMAAbortOnError)
    UART_DMAAbortOnError                     0x08001625   Thumb Code    16  stm32f4xx_hal_uart.o(i.UART_DMAAbortOnError)
    i.UART_EndRxTransfer                     0x08001634   Section        0  stm32f4xx_hal_uart.o(i.UART_EndRxTransfer)
    UART_EndRxTransfer                       0x08001635   Thumb Code    28  stm32f4xx_hal_uart.o(i.UART_EndRxTransfer)
    i.UART_Receive_IT                        0x08001650   Section        0  stm32f4xx_hal_uart.o(i.UART_Receive_IT)
    UART_Receive_IT                          0x08001651   Thumb Code   140  stm32f4xx_hal_uart.o(i.UART_Receive_IT)
    i.UART_SetConfig                         0x080016dc   Section        0  stm32f4xx_hal_uart.o(i.UART_SetConfig)
    UART_SetConfig                           0x080016dd   Thumb Code   676  stm32f4xx_hal_uart.o(i.UART_SetConfig)
    i.UART_Transmit_IT                       0x08001988   Section        0  stm32f4xx_hal_uart.o(i.UART_Transmit_IT)
    UART_Transmit_IT                         0x08001989   Thumb Code    98  stm32f4xx_hal_uart.o(i.UART_Transmit_IT)
    i.UART_WaitOnFlagUntilTimeout            0x080019ea   Section        0  stm32f4xx_hal_uart.o(i.UART_WaitOnFlagUntilTimeout)
    UART_WaitOnFlagUntilTimeout              0x080019eb   Thumb Code   100  stm32f4xx_hal_uart.o(i.UART_WaitOnFlagUntilTimeout)
    i.USART1_IRQHandler                      0x08001a50   Section        0  usrt.o(i.USART1_IRQHandler)
    i.USART3_IRQHandler                      0x08001abc   Section        0  usrt.o(i.USART3_IRQHandler)
    i.UsageFault_Handler                     0x08001b08   Section        0  stm32f4xx_it.o(i.UsageFault_Handler)
    i.__0printf$bare                         0x08001b0c   Section        0  printfb.o(i.__0printf$bare)
    i.__scatterload_copy                     0x08001b1c   Section       14  handlers.o(i.__scatterload_copy)
    i.__scatterload_null                     0x08001b2a   Section        2  handlers.o(i.__scatterload_null)
    i.__scatterload_zeroinit                 0x08001b2c   Section       14  handlers.o(i.__scatterload_zeroinit)
    i._printf_core                           0x08001b3a   Section        0  printfb.o(i._printf_core)
    _printf_core                             0x08001b3b   Thumb Code    34  printfb.o(i._printf_core)
    i.fputc                                  0x08001b5c   Section        0  usrt.o(i.fputc)
    i.main                                   0x08001b70   Section        0  main.o(i.main)
    i.makeFreeRtosPriority                   0x08001b8a   Section        0  cmsis_os.o(i.makeFreeRtosPriority)
    makeFreeRtosPriority                     0x08001b8b   Thumb Code    12  cmsis_os.o(i.makeFreeRtosPriority)
    i.osDelay                                0x08001b96   Section        0  cmsis_os.o(i.osDelay)
    i.osKernelStart                          0x08001ba4   Section        0  cmsis_os.o(i.osKernelStart)
    i.osSystickHandler                       0x08001bae   Section        0  cmsis_os.o(i.osSystickHandler)
    i.osThreadCreate                         0x08001bc2   Section        0  cmsis_os.o(i.osThreadCreate)
    i.prvAddCurrentTaskToDelayedList         0x08001bfc   Section        0  tasks.o(i.prvAddCurrentTaskToDelayedList)
    prvAddCurrentTaskToDelayedList           0x08001bfd   Thumb Code    48  tasks.o(i.prvAddCurrentTaskToDelayedList)
    i.prvCheckTasksWaitingTermination        0x08001c30   Section        0  tasks.o(i.prvCheckTasksWaitingTermination)
    prvCheckTasksWaitingTermination          0x08001c31   Thumb Code    76  tasks.o(i.prvCheckTasksWaitingTermination)
    i.prvHeapInit                            0x08001c84   Section        0  heap_4.o(i.prvHeapInit)
    prvHeapInit                              0x08001c85   Thumb Code    66  heap_4.o(i.prvHeapInit)
    i.prvIdleTask                            0x08001cd0   Section        0  tasks.o(i.prvIdleTask)
    prvIdleTask                              0x08001cd1   Thumb Code    30  tasks.o(i.prvIdleTask)
    i.prvInsertBlockIntoFreeList             0x08001cf8   Section        0  heap_4.o(i.prvInsertBlockIntoFreeList)
    prvInsertBlockIntoFreeList               0x08001cf9   Thumb Code    72  heap_4.o(i.prvInsertBlockIntoFreeList)
    i.prvResetNextTaskUnblockTime            0x08001d44   Section        0  tasks.o(i.prvResetNextTaskUnblockTime)
    prvResetNextTaskUnblockTime              0x08001d45   Thumb Code    26  tasks.o(i.prvResetNextTaskUnblockTime)
    i.prvTaskExitError                       0x08001d64   Section        0  port.o(i.prvTaskExitError)
    prvTaskExitError                         0x08001d65   Thumb Code    36  port.o(i.prvTaskExitError)
    i.pvPortMalloc                           0x08001d8c   Section        0  heap_4.o(i.pvPortMalloc)
    i.pxPortInitialiseStack                  0x08001e64   Section        0  port.o(i.pxPortInitialiseStack)
    i.uxListRemove                           0x08001e8c   Section        0  list.o(i.uxListRemove)
    i.vListInitialise                        0x08001eb0   Section        0  list.o(i.vListInitialise)
    i.vListInitialiseItem                    0x08001ec6   Section        0  list.o(i.vListInitialiseItem)
    i.vListInsert                            0x08001ecc   Section        0  list.o(i.vListInsert)
    i.vListInsertEnd                         0x08001efc   Section        0  list.o(i.vListInsertEnd)
    i.vPortEnterCritical                     0x08001f14   Section        0  port.o(i.vPortEnterCritical)
    i.vPortExitCritical                      0x08001f54   Section        0  port.o(i.vPortExitCritical)
    i.vPortFree                              0x08001f7c   Section        0  heap_4.o(i.vPortFree)
    i.vPortSetupTimerInterrupt               0x08001fd8   Section        0  port.o(i.vPortSetupTimerInterrupt)
    i.vTaskDelay                             0x08001ff8   Section        0  tasks.o(i.vTaskDelay)
    i.vTaskStartScheduler                    0x08002060   Section        0  tasks.o(i.vTaskStartScheduler)
    i.vTaskSuspendAll                        0x080020c8   Section        0  tasks.o(i.vTaskSuspendAll)
    i.vTaskSwitchContext                     0x080020d8   Section        0  tasks.o(i.vTaskSwitchContext)
    i.xPortStartScheduler                    0x08002134   Section        0  port.o(i.xPortStartScheduler)
    i.xPortSysTickHandler                    0x08002214   Section        0  port.o(i.xPortSysTickHandler)
    i.xTaskGenericCreate                     0x08002240   Section        0  tasks.o(i.xTaskGenericCreate)
    i.xTaskGetSchedulerState                 0x080023fc   Section        0  tasks.o(i.xTaskGetSchedulerState)
    i.xTaskIncrementTick                     0x08002418   Section        0  tasks.o(i.xTaskIncrementTick)
    i.xTaskResumeAll                         0x080024e4   Section        0  tasks.o(i.xTaskResumeAll)
    .constdata                               0x080025a8   Section       16  stm32f4xx_hal_rcc.o(.constdata)
    .constdata                               0x080025b8   Section      120  freertos.o(.constdata)
    .conststring                             0x08002630   Section       47  freertos.o(.conststring)
    .data                                    0x20000000   Section       24  heap_4.o(.data)
    pxEnd                                    0x20000000   Data           4  heap_4.o(.data)
    xFreeBytesRemaining                      0x20000004   Data           4  heap_4.o(.data)
    xMinimumEverFreeBytesRemaining           0x20000008   Data           4  heap_4.o(.data)
    xBlockAllocatedBit                       0x2000000c   Data           4  heap_4.o(.data)
    xStart                                   0x20000010   Data           8  heap_4.o(.data)
    .data                                    0x20000018   Section       56  tasks.o(.data)
    uxTasksDeleted                           0x2000001c   Data           4  tasks.o(.data)
    uxCurrentNumberOfTasks                   0x20000020   Data           4  tasks.o(.data)
    xTickCount                               0x20000024   Data           4  tasks.o(.data)
    uxTopReadyPriority                       0x20000028   Data           4  tasks.o(.data)
    xSchedulerRunning                        0x2000002c   Data           4  tasks.o(.data)
    uxPendedTicks                            0x20000030   Data           4  tasks.o(.data)
    xYieldPending                            0x20000034   Data           4  tasks.o(.data)
    xNumOfOverflows                          0x20000038   Data           4  tasks.o(.data)
    uxTaskNumber                             0x2000003c   Data           4  tasks.o(.data)
    xNextTaskUnblockTime                     0x20000040   Data           4  tasks.o(.data)
    uxSchedulerSuspended                     0x20000044   Data           4  tasks.o(.data)
    pxDelayedTaskList                        0x20000048   Data           4  tasks.o(.data)
    pxOverflowDelayedTaskList                0x2000004c   Data           4  tasks.o(.data)
    .data                                    0x20000050   Section       12  port.o(.data)
    ucMaxSysCallPriority                     0x20000050   Data           1  port.o(.data)
    uxCriticalNesting                        0x20000054   Data           4  port.o(.data)
    ulMaxPRIGROUPValue                       0x20000058   Data           4  port.o(.data)
    .data                                    0x2000005c   Section        4  stm32f4xx_hal.o(.data)
    .data                                    0x20000060   Section        4  system_stm32f4xx.o(.data)
    .data                                    0x20000064   Section        8  freertos.o(.data)
    .data                                    0x2000006c   Section        2  usrt.o(.data)
    .data                                    0x2000006e   Section        2  usrt.o(.data)
    .data                                    0x20000070   Section        4  usrt.o(.data)
    .bss                                     0x20000074   Section    15360  heap_4.o(.bss)
    ucHeap                                   0x20000074   Data       15360  heap_4.o(.bss)
    .bss                                     0x20003c74   Section      240  tasks.o(.bss)
    pxReadyTasksLists                        0x20003c74   Data         140  tasks.o(.bss)
    xDelayedTaskList1                        0x20003d00   Data          20  tasks.o(.bss)
    xDelayedTaskList2                        0x20003d14   Data          20  tasks.o(.bss)
    xPendingReadyList                        0x20003d28   Data          20  tasks.o(.bss)
    xTasksWaitingTermination                 0x20003d3c   Data          20  tasks.o(.bss)
    xSuspendedTaskList                       0x20003d50   Data          20  tasks.o(.bss)
    .bss                                     0x20003d64   Section       60  stm32f4xx_hal_timebase_tim.o(.bss)
    .bss                                     0x20003da0   Section       64  usart.o(.bss)
    .bss                                     0x20003de0   Section      264  usrt.o(.bss)
    .bss                                     0x20003ee8   Section      200  usrt.o(.bss)
    STACK                                    0x20003fb0   Section     1024  startup_stm32f407xx.o(STACK)

    Global Symbols

    Symbol Name                              Value     Ov Type        Size  Object(Section)

    BuildAttributes$$THM_ISAv4$E$P$D$K$B$S$7EM$VFPi3$EXTD16$VFPS$VFMA$PE$A:L22UL41UL21$X:L11$S22US41US21$IEEE1$IW$USESV6$~STKCKD$USESV7$~SHL$OSPACE$ROPI$EBA8$MICROLIB$REQ8$PRES8$EABIv2 0x00000000   Number         0  anon$$obj.o ABSOLUTE
    __ARM_use_no_argv                        0x00000000   Number         0  main.o ABSOLUTE
    __use_no_errno                           0x00000000   Number         0  useno.o ABSOLUTE
    __use_no_exception_handling              0x00000000   Number         0  useno.o ABSOLUTE
    __use_no_fp                              0x00000000   Number         0  useno.o ABSOLUTE
    __use_no_heap                            0x00000000   Number         0  useno.o ABSOLUTE
    __use_no_heap_region                     0x00000000   Number         0  useno.o ABSOLUTE
    __use_no_semihosting                     0x00000000   Number         0  useno.o ABSOLUTE
    __use_no_semihosting_swi                 0x00000000   Number         0  useno.o ABSOLUTE
    __use_no_signal_handling                 0x00000000   Number         0  useno.o ABSOLUTE
    __cpp_initialize__aeabi_                  - Undefined Weak Reference
    __cxa_finalize                            - Undefined Weak Reference
    __decompress                              - Undefined Weak Reference
    _clock_init                               - Undefined Weak Reference
    _microlib_exit                            - Undefined Weak Reference
    __Vectors_Size                           0x00000188   Number         0  startup_stm32f407xx.o ABSOLUTE
    __Vectors                                0x08000000   Data           4  startup_stm32f407xx.o(RESET)
    __Vectors_End                            0x08000188   Data           0  startup_stm32f407xx.o(RESET)
    __main                                   0x08000189   Thumb Code     0  entry.o(.ARM.Collect$$$$00000000)
    _main_stk                                0x08000189   Thumb Code     0  entry2.o(.ARM.Collect$$$$00000001)
    _main_scatterload                        0x0800018d   Thumb Code     0  entry5.o(.ARM.Collect$$$$00000004)
    __main_after_scatterload                 0x08000191   Thumb Code     0  entry5.o(.ARM.Collect$$$$00000004)
    _main_clock                              0x08000191   Thumb Code     0  entry7b.o(.ARM.Collect$$$$00000008)
    _main_cpp_init                           0x08000191   Thumb Code     0  entry8b.o(.ARM.Collect$$$$0000000A)
    _main_init                               0x08000191   Thumb Code     0  entry9a.o(.ARM.Collect$$$$0000000B)
    __rt_final_cpp                           0x08000199   Thumb Code     0  entry10a.o(.ARM.Collect$$$$0000000D)
    __rt_final_exit                          0x08000199   Thumb Code     0  entry11a.o(.ARM.Collect$$$$0000000F)
    SVC_Handler                              0x0800019d   Thumb Code    28  port.o(.emb_text)
    __asm___6_port_c_39a90d8d__prvStartFirstTask 0x080001bd   Thumb Code    28  port.o(.emb_text)
    __asm___6_port_c_39a90d8d__prvEnableVFP  0x080001dd   Thumb Code    16  port.o(.emb_text)
    PendSV_Handler                           0x080001f1   Thumb Code    92  port.o(.emb_text)
    vPortGetIPSR                             0x08000251   Thumb Code     6  port.o(.emb_text)
    Reset_Handler                            0x08000259   Thumb Code     8  startup_stm32f407xx.o(.text)
    ADC_IRQHandler                           0x08000273   Thumb Code     0  startup_stm32f407xx.o(.text)
    CAN1_RX0_IRQHandler                      0x08000273   Thumb Code     0  startup_stm32f407xx.o(.text)
    CAN1_RX1_IRQHandler                      0x08000273   Thumb Code     0  startup_stm32f407xx.o(.text)
    CAN1_SCE_IRQHandler                      0x08000273   Thumb Code     0  startup_stm32f407xx.o(.text)
    CAN1_TX_IRQHandler                       0x08000273   Thumb Code     0  startup_stm32f407xx.o(.text)
    CAN2_RX0_IRQHandler                      0x08000273   Thumb Code     0  startup_stm32f407xx.o(.text)
    CAN2_RX1_IRQHandler                      0x08000273   Thumb Code     0  startup_stm32f407xx.o(.text)
    CAN2_SCE_IRQHandler                      0x08000273   Thumb Code     0  startup_stm32f407xx.o(.text)
    CAN2_TX_IRQHandler                       0x08000273   Thumb Code     0  startup_stm32f407xx.o(.text)
    DCMI_IRQHandler                          0x08000273   Thumb Code     0  startup_stm32f407xx.o(.text)
    DMA1_Stream0_IRQHandler                  0x08000273   Thumb Code     0  startup_stm32f407xx.o(.text)
    DMA1_Stream1_IRQHandler                  0x08000273   Thumb Code     0  startup_stm32f407xx.o(.text)
    DMA1_Stream2_IRQHandler                  0x08000273   Thumb Code     0  startup_stm32f407xx.o(.text)
    DMA1_Stream3_IRQHandler                  0x08000273   Thumb Code     0  startup_stm32f407xx.o(.text)
    DMA1_Stream4_IRQHandler                  0x08000273   Thumb Code     0  startup_stm32f407xx.o(.text)
    DMA1_Stream5_IRQHandler                  0x08000273   Thumb Code     0  startup_stm32f407xx.o(.text)
    DMA1_Stream6_IRQHandler                  0x08000273   Thumb Code     0  startup_stm32f407xx.o(.text)
    DMA1_Stream7_IRQHandler                  0x08000273   Thumb Code     0  startup_stm32f407xx.o(.text)
    DMA2_Stream0_IRQHandler                  0x08000273   Thumb Code     0  startup_stm32f407xx.o(.text)
    DMA2_Stream1_IRQHandler                  0x08000273   Thumb Code     0  startup_stm32f407xx.o(.text)
    DMA2_Stream2_IRQHandler                  0x08000273   Thumb Code     0  startup_stm32f407xx.o(.text)
    DMA2_Stream3_IRQHandler                  0x08000273   Thumb Code     0  startup_stm32f407xx.o(.text)
    DMA2_Stream4_IRQHandler                  0x08000273   Thumb Code     0  startup_stm32f407xx.o(.text)
    DMA2_Stream5_IRQHandler                  0x08000273   Thumb Code     0  startup_stm32f407xx.o(.text)
    DMA2_Stream6_IRQHandler                  0x08000273   Thumb Code     0  startup_stm32f407xx.o(.text)
    DMA2_Stream7_IRQHandler                  0x08000273   Thumb Code     0  startup_stm32f407xx.o(.text)
    ETH_IRQHandler                           0x08000273   Thumb Code     0  startup_stm32f407xx.o(.text)
    ETH_WKUP_IRQHandler                      0x08000273   Thumb Code     0  startup_stm32f407xx.o(.text)
    EXTI0_IRQHandler                         0x08000273   Thumb Code     0  startup_stm32f407xx.o(.text)
    EXTI15_10_IRQHandler                     0x08000273   Thumb Code     0  startup_stm32f407xx.o(.text)
    EXTI1_IRQHandler                         0x08000273   Thumb Code     0  startup_stm32f407xx.o(.text)
    EXTI2_IRQHandler                         0x08000273   Thumb Code     0  startup_stm32f407xx.o(.text)
    EXTI3_IRQHandler                         0x08000273   Thumb Code     0  startup_stm32f407xx.o(.text)
    EXTI4_IRQHandler                         0x08000273   Thumb Code     0  startup_stm32f407xx.o(.text)
    EXTI9_5_IRQHandler                       0x08000273   Thumb Code     0  startup_stm32f407xx.o(.text)
    FLASH_IRQHandler                         0x08000273   Thumb Code     0  startup_stm32f407xx.o(.text)
    FMC_IRQHandler                           0x08000273   Thumb Code     0  startup_stm32f407xx.o(.text)
    FPU_IRQHandler                           0x08000273   Thumb Code     0  startup_stm32f407xx.o(.text)
    HASH_RNG_IRQHandler                      0x08000273   Thumb Code     0  startup_stm32f407xx.o(.text)
    I2C1_ER_IRQHandler                       0x08000273   Thumb Code     0  startup_stm32f407xx.o(.text)
    I2C1_EV_IRQHandler                       0x08000273   Thumb Code     0  startup_stm32f407xx.o(.text)
    I2C2_ER_IRQHandler                       0x08000273   Thumb Code     0  startup_stm32f407xx.o(.text)
    I2C2_EV_IRQHandler                       0x08000273   Thumb Code     0  startup_stm32f407xx.o(.text)
    I2C3_ER_IRQHandler                       0x08000273   Thumb Code     0  startup_stm32f407xx.o(.text)
    I2C3_EV_IRQHandler                       0x08000273   Thumb Code     0  startup_stm32f407xx.o(.text)
    OTG_FS_IRQHandler                        0x08000273   Thumb Code     0  startup_stm32f407xx.o(.text)
    OTG_FS_WKUP_IRQHandler                   0x08000273   Thumb Code     0  startup_stm32f407xx.o(.text)
    OTG_HS_EP1_IN_IRQHandler                 0x08000273   Thumb Code     0  startup_stm32f407xx.o(.text)
    OTG_HS_EP1_OUT_IRQHandler                0x08000273   Thumb Code     0  startup_stm32f407xx.o(.text)
    OTG_HS_IRQHandler                        0x08000273   Thumb Code     0  startup_stm32f407xx.o(.text)
    OTG_HS_WKUP_IRQHandler                   0x08000273   Thumb Code     0  startup_stm32f407xx.o(.text)
    PVD_IRQHandler                           0x08000273   Thumb Code     0  startup_stm32f407xx.o(.text)
    RCC_IRQHandler                           0x08000273   Thumb Code     0  startup_stm32f407xx.o(.text)
    RTC_Alarm_IRQHandler                     0x08000273   Thumb Code     0  startup_stm32f407xx.o(.text)
    RTC_WKUP_IRQHandler                      0x08000273   Thumb Code     0  startup_stm32f407xx.o(.text)
    SDIO_IRQHandler                          0x08000273   Thumb Code     0  startup_stm32f407xx.o(.text)
    SPI1_IRQHandler                          0x08000273   Thumb Code     0  startup_stm32f407xx.o(.text)
    SPI2_IRQHandler                          0x08000273   Thumb Code     0  startup_stm32f407xx.o(.text)
    SPI3_IRQHandler                          0x08000273   Thumb Code     0  startup_stm32f407xx.o(.text)
    TAMP_STAMP_IRQHandler                    0x08000273   Thumb Code     0  startup_stm32f407xx.o(.text)
    TIM1_BRK_TIM9_IRQHandler                 0x08000273   Thumb Code     0  startup_stm32f407xx.o(.text)
    TIM1_CC_IRQHandler                       0x08000273   Thumb Code     0  startup_stm32f407xx.o(.text)
    TIM1_TRG_COM_TIM11_IRQHandler            0x08000273   Thumb Code     0  startup_stm32f407xx.o(.text)
    TIM1_UP_TIM10_IRQHandler                 0x08000273   Thumb Code     0  startup_stm32f407xx.o(.text)
    TIM2_IRQHandler                          0x08000273   Thumb Code     0  startup_stm32f407xx.o(.text)
    TIM3_IRQHandler                          0x08000273   Thumb Code     0  startup_stm32f407xx.o(.text)
    TIM4_IRQHandler                          0x08000273   Thumb Code     0  startup_stm32f407xx.o(.text)
    TIM5_IRQHandler                          0x08000273   Thumb Code     0  startup_stm32f407xx.o(.text)
    TIM6_DAC_IRQHandler                      0x08000273   Thumb Code     0  startup_stm32f407xx.o(.text)
    TIM7_IRQHandler                          0x08000273   Thumb Code     0  startup_stm32f407xx.o(.text)
    TIM8_BRK_TIM12_IRQHandler                0x08000273   Thumb Code     0  startup_stm32f407xx.o(.text)
    TIM8_CC_IRQHandler                       0x08000273   Thumb Code     0  startup_stm32f407xx.o(.text)
    TIM8_UP_TIM13_IRQHandler                 0x08000273   Thumb Code     0  startup_stm32f407xx.o(.text)
    UART4_IRQHandler                         0x08000273   Thumb Code     0  startup_stm32f407xx.o(.text)
    UART5_IRQHandler                         0x08000273   Thumb Code     0  startup_stm32f407xx.o(.text)
    USART2_IRQHandler                        0x08000273   Thumb Code     0  startup_stm32f407xx.o(.text)
    USART6_IRQHandler                        0x08000273   Thumb Code     0  startup_stm32f407xx.o(.text)
    WWDG_IRQHandler                          0x08000273   Thumb Code     0  startup_stm32f407xx.o(.text)
    __aeabi_memcpy                           0x0800027d   Thumb Code    36  memcpya.o(.text)
    __aeabi_memcpy4                          0x0800027d   Thumb Code     0  memcpya.o(.text)
    __aeabi_memcpy8                          0x0800027d   Thumb Code     0  memcpya.o(.text)
    __aeabi_memset                           0x080002a1   Thumb Code    14  memseta.o(.text)
    __aeabi_memset4                          0x080002a1   Thumb Code     0  memseta.o(.text)
    __aeabi_memset8                          0x080002a1   Thumb Code     0  memseta.o(.text)
    __aeabi_memclr                           0x080002af   Thumb Code     4  memseta.o(.text)
    __aeabi_memclr4                          0x080002af   Thumb Code     0  memseta.o(.text)
    __aeabi_memclr8                          0x080002af   Thumb Code     0  memseta.o(.text)
    _memset$wrapper                          0x080002b3   Thumb Code    18  memseta.o(.text)
    __scatterload                            0x080002c5   Thumb Code    28  init.o(.text)
    __scatterload_rt2                        0x080002c5   Thumb Code     0  init.o(.text)
    BusFault_Handler                         0x080002e9   Thumb Code     2  stm32f4xx_it.o(i.BusFault_Handler)
    DebugMon_Handler                         0x080002eb   Thumb Code     2  stm32f4xx_it.o(i.DebugMon_Handler)
    Error_Handler                            0x080002ed   Thumb Code     2  main.o(i.Error_Handler)
    Func_LED                                 0x080002f1   Thumb Code    46  freertos.o(i.Func_LED)
    Func_WIFI                                0x08000325   Thumb Code    94  freertos.o(i.Func_WIFI)
    Func_usart                               0x080003b9   Thumb Code    74  freertos.o(i.Func_usart)
    HAL_DMA_Abort_IT                         0x08000431   Thumb Code    36  stm32f4xx_hal_dma.o(i.HAL_DMA_Abort_IT)
    HAL_GPIO_Init                            0x08000455   Thumb Code   388  stm32f4xx_hal_gpio.o(i.HAL_GPIO_Init)
    HAL_GPIO_TogglePin                       0x08000605   Thumb Code     8  stm32f4xx_hal_gpio.o(i.HAL_GPIO_TogglePin)
    HAL_GPIO_WritePin                        0x0800060d   Thumb Code    10  stm32f4xx_hal_gpio.o(i.HAL_GPIO_WritePin)
    HAL_GetTick                              0x08000619   Thumb Code     6  stm32f4xx_hal.o(i.HAL_GetTick)
    HAL_IncTick                              0x08000625   Thumb Code    10  stm32f4xx_hal.o(i.HAL_IncTick)
    HAL_Init                                 0x08000635   Thumb Code    48  stm32f4xx_hal.o(i.HAL_Init)
    HAL_InitTick                             0x08000669   Thumb Code   100  stm32f4xx_hal_timebase_tim.o(i.HAL_InitTick)
    HAL_MspInit                              0x080006dd   Thumb Code    88  stm32f4xx_hal_msp.o(i.HAL_MspInit)
    HAL_NVIC_EnableIRQ                       0x08000735   Thumb Code    22  stm32f4xx_hal_cortex.o(i.HAL_NVIC_EnableIRQ)
    HAL_NVIC_SetPriority                     0x0800074d   Thumb Code    60  stm32f4xx_hal_cortex.o(i.HAL_NVIC_SetPriority)
    HAL_NVIC_SetPriorityGrouping             0x0800078d   Thumb Code    26  stm32f4xx_hal_cortex.o(i.HAL_NVIC_SetPriorityGrouping)
    HAL_RCC_ClockConfig                      0x080007b1   Thumb Code   364  stm32f4xx_hal_rcc.o(i.HAL_RCC_ClockConfig)
    HAL_RCC_GetClockConfig                   0x0800092d   Thumb Code    54  stm32f4xx_hal_rcc.o(i.HAL_RCC_GetClockConfig)
    HAL_RCC_GetHCLKFreq                      0x0800096d   Thumb Code     6  stm32f4xx_hal_rcc.o(i.HAL_RCC_GetHCLKFreq)
    HAL_RCC_GetPCLK1Freq                     0x08000979   Thumb Code    34  stm32f4xx_hal_rcc.o(i.HAL_RCC_GetPCLK1Freq)
    HAL_RCC_GetPCLK2Freq                     0x080009a9   Thumb Code    34  stm32f4xx_hal_rcc.o(i.HAL_RCC_GetPCLK2Freq)
    HAL_RCC_GetSysClockFreq                  0x080009d9   Thumb Code   104  stm32f4xx_hal_rcc.o(i.HAL_RCC_GetSysClockFreq)
    HAL_RCC_OscConfig                        0x08000a49   Thumb Code   722  stm32f4xx_hal_rcc.o(i.HAL_RCC_OscConfig)
    HAL_SYSTICK_CLKSourceConfig              0x08000d2d   Thumb Code    24  stm32f4xx_hal_cortex.o(i.HAL_SYSTICK_CLKSourceConfig)
    HAL_SYSTICK_Config                       0x08000d45   Thumb Code    40  stm32f4xx_hal_cortex.o(i.HAL_SYSTICK_Config)
    HAL_TIMEx_BreakCallback                  0x08000d6d   Thumb Code     2  stm32f4xx_hal_tim_ex.o(i.HAL_TIMEx_BreakCallback)
    HAL_TIMEx_CommutationCallback            0x08000d6f   Thumb Code     2  stm32f4xx_hal_tim_ex.o(i.HAL_TIMEx_CommutationCallback)
    HAL_TIM_Base_Init                        0x08000d71   Thumb Code    54  stm32f4xx_hal_tim.o(i.HAL_TIM_Base_Init)
    HAL_TIM_Base_MspInit                     0x08000da7   Thumb Code     2  stm32f4xx_hal_tim.o(i.HAL_TIM_Base_MspInit)
    HAL_TIM_Base_Start_IT                    0x08000da9   Thumb Code    24  stm32f4xx_hal_tim.o(i.HAL_TIM_Base_Start_IT)
    HAL_TIM_IC_CaptureCallback               0x08000dc1   Thumb Code     2  stm32f4xx_hal_tim.o(i.HAL_TIM_IC_CaptureCallback)
    HAL_TIM_IRQHandler                       0x08000dc3   Thumb Code   358  stm32f4xx_hal_tim.o(i.HAL_TIM_IRQHandler)
    HAL_TIM_OC_DelayElapsedCallback          0x08000f29   Thumb Code     2  stm32f4xx_hal_tim.o(i.HAL_TIM_OC_DelayElapsedCallback)
    HAL_TIM_PWM_PulseFinishedCallback        0x08000f2b   Thumb Code     2  stm32f4xx_hal_tim.o(i.HAL_TIM_PWM_PulseFinishedCallback)
    HAL_TIM_PeriodElapsedCallback            0x08000f2d   Thumb Code    14  main.o(i.HAL_TIM_PeriodElapsedCallback)
    HAL_TIM_TriggerCallback                  0x08000f41   Thumb Code     2  stm32f4xx_hal_tim.o(i.HAL_TIM_TriggerCallback)
    HAL_UART_ErrorCallback                   0x08000f43   Thumb Code     2  stm32f4xx_hal_uart.o(i.HAL_UART_ErrorCallback)
    HAL_UART_IRQHandler                      0x08000f45   Thumb Code   266  stm32f4xx_hal_uart.o(i.HAL_UART_IRQHandler)
    HAL_UART_Init                            0x08001055   Thumb Code    98  stm32f4xx_hal_uart.o(i.HAL_UART_Init)
    HAL_UART_MspInit                         0x080010b9   Thumb Code   202  usart.o(i.HAL_UART_MspInit)
    HAL_UART_Receive                         0x08001199   Thumb Code   184  stm32f4xx_hal_uart.o(i.HAL_UART_Receive)
    HAL_UART_RxCpltCallback                  0x08001251   Thumb Code     2  stm32f4xx_hal_uart.o(i.HAL_UART_RxCpltCallback)
    HAL_UART_Transmit                        0x08001253   Thumb Code   186  stm32f4xx_hal_uart.o(i.HAL_UART_Transmit)
    HAL_UART_TxCpltCallback                  0x0800130d   Thumb Code     2  stm32f4xx_hal_uart.o(i.HAL_UART_TxCpltCallback)
    HardFault_Handler                        0x0800130f   Thumb Code     2  stm32f4xx_it.o(i.HardFault_Handler)
    MX_FREERTOS_Init                         0x08001311   Thumb Code    96  freertos.o(i.MX_FREERTOS_Init)
    MX_GPIO_Init                             0x08001379   Thumb Code    94  gpio.o(i.MX_GPIO_Init)
    MX_USART3_UART_Init                      0x080013e1   Thumb Code    70  usart.o(i.MX_USART3_UART_Init)
    MemManage_Handler                        0x08001439   Thumb Code     2  stm32f4xx_it.o(i.MemManage_Handler)
    NMI_Handler                              0x0800143b   Thumb Code     2  stm32f4xx_it.o(i.NMI_Handler)
    StartDefaultTask                         0x0800145d   Thumb Code     8  freertos.o(i.StartDefaultTask)
    SysTick_Handler                          0x08001465   Thumb Code     4  stm32f4xx_it.o(i.SysTick_Handler)
    SystemClock_Config                       0x08001469   Thumb Code   148  main.o(i.SystemClock_Config)
    SystemInit                               0x08001505   Thumb Code    66  system_stm32f4xx.o(i.SystemInit)
    TIM8_TRG_COM_TIM14_IRQHandler            0x08001559   Thumb Code     6  stm32f4xx_it.o(i.TIM8_TRG_COM_TIM14_IRQHandler)
    TIM_Base_SetConfig                       0x08001565   Thumb Code   148  stm32f4xx_hal_tim.o(i.TIM_Base_SetConfig)
    USART1_IRQHandler                        0x08001a51   Thumb Code   100  usrt.o(i.USART1_IRQHandler)
    USART3_IRQHandler                        0x08001abd   Thumb Code    62  usrt.o(i.USART3_IRQHandler)
    UsageFault_Handler                       0x08001b09   Thumb Code     2  stm32f4xx_it.o(i.UsageFault_Handler)
    __0printf$bare                           0x08001b0d   Thumb Code     8  printfb.o(i.__0printf$bare)
    __1printf$bare                           0x08001b0d   Thumb Code     0  printfb.o(i.__0printf$bare)
    __2printf                                0x08001b0d   Thumb Code     0  printfb.o(i.__0printf$bare)
    __scatterload_copy                       0x08001b1d   Thumb Code    14  handlers.o(i.__scatterload_copy)
    __scatterload_null                       0x08001b2b   Thumb Code     2  handlers.o(i.__scatterload_null)
    __scatterload_zeroinit                   0x08001b2d   Thumb Code    14  handlers.o(i.__scatterload_zeroinit)
    fputc                                    0x08001b5d   Thumb Code    14  usrt.o(i.fputc)
    main                                     0x08001b71   Thumb Code    26  main.o(i.main)
    osDelay                                  0x08001b97   Thumb Code    14  cmsis_os.o(i.osDelay)
    osKernelStart                            0x08001ba5   Thumb Code    10  cmsis_os.o(i.osKernelStart)
    osSystickHandler                         0x08001baf   Thumb Code    20  cmsis_os.o(i.osSystickHandler)
    osThreadCreate                           0x08001bc3   Thumb Code    56  cmsis_os.o(i.osThreadCreate)
    pvPortMalloc                             0x08001d8d   Thumb Code   210  heap_4.o(i.pvPortMalloc)
    pxPortInitialiseStack                    0x08001e65   Thumb Code    36  port.o(i.pxPortInitialiseStack)
    uxListRemove                             0x08001e8d   Thumb Code    36  list.o(i.uxListRemove)
    vListInitialise                          0x08001eb1   Thumb Code    22  list.o(i.vListInitialise)
    vListInitialiseItem                      0x08001ec7   Thumb Code     6  list.o(i.vListInitialiseItem)
    vListInsert                              0x08001ecd   Thumb Code    48  list.o(i.vListInsert)
    vListInsertEnd                           0x08001efd   Thumb Code    24  list.o(i.vListInsertEnd)
    vPortEnterCritical                       0x08001f15   Thumb Code    54  port.o(i.vPortEnterCritical)
    vPortExitCritical                        0x08001f55   Thumb Code    34  port.o(i.vPortExitCritical)
    vPortFree                                0x08001f7d   Thumb Code    88  heap_4.o(i.vPortFree)
    vPortSetupTimerInterrupt                 0x08001fd9   Thumb Code    26  port.o(i.vPortSetupTimerInterrupt)
    vTaskDelay                               0x08001ff9   Thumb Code    94  tasks.o(i.vTaskDelay)
    vTaskStartScheduler                      0x08002061   Thumb Code    86  tasks.o(i.vTaskStartScheduler)
    vTaskSuspendAll                          0x080020c9   Thumb Code    10  tasks.o(i.vTaskSuspendAll)
    vTaskSwitchContext                       0x080020d9   Thumb Code    82  tasks.o(i.vTaskSwitchContext)
    xPortStartScheduler                      0x08002135   Thumb Code   202  port.o(i.xPortStartScheduler)
    xPortSysTickHandler                      0x08002215   Thumb Code    38  port.o(i.xPortSysTickHandler)
    xTaskGenericCreate                       0x08002241   Thumb Code   430  tasks.o(i.xTaskGenericCreate)
    xTaskGetSchedulerState                   0x080023fd   Thumb Code    22  tasks.o(i.xTaskGetSchedulerState)
    xTaskIncrementTick                       0x08002419   Thumb Code   194  tasks.o(i.xTaskIncrementTick)
    xTaskResumeAll                           0x080024e5   Thumb Code   182  tasks.o(i.xTaskResumeAll)
    APBAHBPrescTable                         0x080025a8   Data          16  stm32f4xx_hal_rcc.o(.constdata)
    Region$$Table$$Base                      0x08002660   Number         0  anon$$obj.o(Region$$Table)
    Region$$Table$$Limit                     0x08002680   Number         0  anon$$obj.o(Region$$Table)
    pxCurrentTCB                             0x20000018   Data           4  tasks.o(.data)
    uwTick                                   0x2000005c   Data           4  stm32f4xx_hal.o(.data)
    SystemCoreClock                          0x20000060   Data           4  system_stm32f4xx.o(.data)
    defaultTaskHandle                        0x20000064   Data           4  freertos.o(.data)
    Task_LEDHandle                           0x20000068   Data           4  freertos.o(.data)
    USART_RX_STA                             0x2000006c   Data           2  usrt.o(.data)
    USART3_RX_STA                            0x2000006e   Data           2  usrt.o(.data)
    __stdout                                 0x20000070   Data           4  usrt.o(.data)
    htim14                                   0x20003d64   Data          60  stm32f4xx_hal_timebase_tim.o(.bss)
    huart3                                   0x20003da0   Data          64  usart.o(.bss)
    USART_RX_BUF                             0x20003de0   Data         200  usrt.o(.bss)
    UART1_Handler                            0x20003ea8   Data          64  usrt.o(.bss)
    USART3_RX_BUF                            0x20003ee8   Data         200  usrt.o(.bss)
    __initial_sp                             0x200043b0   Data           0  startup_stm32f407xx.o(STACK)



==============================================================================

Memory Map of the image

  Image Entry point : 0x08000189

  Load Region LR_IROM1 (Base: 0x08000000, Size: 0x000026f4, Max: 0x00100000, ABSOLUTE)

    Execution Region ER_IROM1 (Base: 0x08000000, Size: 0x00002680, Max: 0x00100000, ABSOLUTE)

    Base Addr    Size         Type   Attr      Idx    E Section Name        Object

    0x08000000   0x00000188   Data   RO         3294    RESET               startup_stm32f407xx.o
    0x08000188   0x00000000   Code   RO         3787  * .ARM.Collect$$$$00000000  mc_w.l(entry.o)
    0x08000188   0x00000004   Code   RO         4056    .ARM.Collect$$$$00000001  mc_w.l(entry2.o)
    0x0800018c   0x00000004   Code   RO         4059    .ARM.Collect$$$$00000004  mc_w.l(entry5.o)
    0x08000190   0x00000000   Code   RO         4061    .ARM.Collect$$$$00000008  mc_w.l(entry7b.o)
    0x08000190   0x00000000   Code   RO         4063    .ARM.Collect$$$$0000000A  mc_w.l(entry8b.o)
    0x08000190   0x00000008   Code   RO         4064    .ARM.Collect$$$$0000000B  mc_w.l(entry9a.o)
    0x08000198   0x00000000   Code   RO         4066    .ARM.Collect$$$$0000000D  mc_w.l(entry10a.o)
    0x08000198   0x00000000   Code   RO         4068    .ARM.Collect$$$$0000000F  mc_w.l(entry11a.o)
    0x08000198   0x00000004   Code   RO         4057    .ARM.Collect$$$$00002712  mc_w.l(entry2.o)
    0x0800019c   0x000000ba   Code   RO          953    .emb_text           port.o
    0x08000256   0x00000002   PAD
    0x08000258   0x00000024   Code   RO         3295    .text               startup_stm32f407xx.o
    0x0800027c   0x00000024   Code   RO         3790    .text               mc_w.l(memcpya.o)
    0x080002a0   0x00000024   Code   RO         3792    .text               mc_w.l(memseta.o)
    0x080002c4   0x00000024   Code   RO         4085    .text               mc_w.l(init.o)
    0x080002e8   0x00000002   Code   RO         3438    i.BusFault_Handler  stm32f4xx_it.o
    0x080002ea   0x00000002   Code   RO         3439    i.DebugMon_Handler  stm32f4xx_it.o
    0x080002ec   0x00000002   Code   RO         3517    i.Error_Handler     main.o
    0x080002ee   0x00000002   PAD
    0x080002f0   0x00000034   Code   RO         3362    i.Func_LED          freertos.o
    0x08000324   0x00000094   Code   RO         3363    i.Func_WIFI         freertos.o
    0x080003b8   0x00000078   Code   RO         3364    i.Func_usart        freertos.o
    0x08000430   0x00000024   Code   RO         2418    i.HAL_DMA_Abort_IT  stm32f4xx_hal_dma.o
    0x08000454   0x000001b0   Code   RO         2228    i.HAL_GPIO_Init     stm32f4xx_hal_gpio.o
    0x08000604   0x00000008   Code   RO         2231    i.HAL_GPIO_TogglePin  stm32f4xx_hal_gpio.o
    0x0800060c   0x0000000a   Code   RO         2232    i.HAL_GPIO_WritePin  stm32f4xx_hal_gpio.o
    0x08000616   0x00000002   PAD
    0x08000618   0x0000000c   Code   RO         1246    i.HAL_GetTick       stm32f4xx_hal.o
    0x08000624   0x00000010   Code   RO         1247    i.HAL_IncTick       stm32f4xx_hal.o
    0x08000634   0x00000034   Code   RO         1248    i.HAL_Init          stm32f4xx_hal.o
    0x08000668   0x00000074   Code   RO         3562    i.HAL_InitTick      stm32f4xx_hal_timebase_tim.o
    0x080006dc   0x00000058   Code   RO         3339    i.HAL_MspInit       stm32f4xx_hal_msp.o
    0x08000734   0x00000016   Code   RO         2294    i.HAL_NVIC_EnableIRQ  stm32f4xx_hal_cortex.o
    0x0800074a   0x00000002   PAD
    0x0800074c   0x00000040   Code   RO         2300    i.HAL_NVIC_SetPriority  stm32f4xx_hal_cortex.o
    0x0800078c   0x00000024   Code   RO         2301    i.HAL_NVIC_SetPriorityGrouping  stm32f4xx_hal_cortex.o
    0x080007b0   0x0000017c   Code   RO         3132    i.HAL_RCC_ClockConfig  stm32f4xx_hal_rcc.o
    0x0800092c   0x00000040   Code   RO         3136    i.HAL_RCC_GetClockConfig  stm32f4xx_hal_rcc.o
    0x0800096c   0x0000000c   Code   RO         3137    i.HAL_RCC_GetHCLKFreq  stm32f4xx_hal_rcc.o
    0x08000978   0x00000030   Code   RO         3139    i.HAL_RCC_GetPCLK1Freq  stm32f4xx_hal_rcc.o
    0x080009a8   0x00000030   Code   RO         3140    i.HAL_RCC_GetPCLK2Freq  stm32f4xx_hal_rcc.o
    0x080009d8   0x00000070   Code   RO         3141    i.HAL_RCC_GetSysClockFreq  stm32f4xx_hal_rcc.o
    0x08000a48   0x000002e4   Code   RO         3144    i.HAL_RCC_OscConfig  stm32f4xx_hal_rcc.o
    0x08000d2c   0x00000018   Code   RO         2303    i.HAL_SYSTICK_CLKSourceConfig  stm32f4xx_hal_cortex.o
    0x08000d44   0x00000028   Code   RO         2305    i.HAL_SYSTICK_Config  stm32f4xx_hal_cortex.o
    0x08000d6c   0x00000002   Code   RO         2772    i.HAL_TIMEx_BreakCallback  stm32f4xx_hal_tim_ex.o
    0x08000d6e   0x00000002   Code   RO         2773    i.HAL_TIMEx_CommutationCallback  stm32f4xx_hal_tim_ex.o
    0x08000d70   0x00000036   Code   RO         1442    i.HAL_TIM_Base_Init  stm32f4xx_hal_tim.o
    0x08000da6   0x00000002   Code   RO         1444    i.HAL_TIM_Base_MspInit  stm32f4xx_hal_tim.o
    0x08000da8   0x00000018   Code   RO         1447    i.HAL_TIM_Base_Start_IT  stm32f4xx_hal_tim.o
    0x08000dc0   0x00000002   Code   RO         1471    i.HAL_TIM_IC_CaptureCallback  stm32f4xx_hal_tim.o
    0x08000dc2   0x00000166   Code   RO         1484    i.HAL_TIM_IRQHandler  stm32f4xx_hal_tim.o
    0x08000f28   0x00000002   Code   RO         1487    i.HAL_TIM_OC_DelayElapsedCallback  stm32f4xx_hal_tim.o
    0x08000f2a   0x00000002   Code   RO         1514    i.HAL_TIM_PWM_PulseFinishedCallback  stm32f4xx_hal_tim.o
    0x08000f2c   0x00000014   Code   RO         3518    i.HAL_TIM_PeriodElapsedCallback  main.o
    0x08000f40   0x00000002   Code   RO         1525    i.HAL_TIM_TriggerCallback  stm32f4xx_hal_tim.o
    0x08000f42   0x00000002   Code   RO         2532    i.HAL_UART_ErrorCallback  stm32f4xx_hal_uart.o
    0x08000f44   0x00000110   Code   RO         2535    i.HAL_UART_IRQHandler  stm32f4xx_hal_uart.o
    0x08001054   0x00000062   Code   RO         2536    i.HAL_UART_Init     stm32f4xx_hal_uart.o
    0x080010b6   0x00000002   PAD
    0x080010b8   0x000000e0   Code   RO         3627    i.HAL_UART_MspInit  usart.o
    0x08001198   0x000000b8   Code   RO         2539    i.HAL_UART_Receive  stm32f4xx_hal_uart.o
    0x08001250   0x00000002   Code   RO         2542    i.HAL_UART_RxCpltCallback  stm32f4xx_hal_uart.o
    0x08001252   0x000000ba   Code   RO         2544    i.HAL_UART_Transmit  stm32f4xx_hal_uart.o
    0x0800130c   0x00000002   Code   RO         2547    i.HAL_UART_TxCpltCallback  stm32f4xx_hal_uart.o
    0x0800130e   0x00000002   Code   RO         3440    i.HardFault_Handler  stm32f4xx_it.o
    0x08001310   0x00000068   Code   RO         3365    i.MX_FREERTOS_Init  freertos.o
    0x08001378   0x00000068   Code   RO         3602    i.MX_GPIO_Init      gpio.o
    0x080013e0   0x00000058   Code   RO         3628    i.MX_USART3_UART_Init  usart.o
    0x08001438   0x00000002   Code   RO         3441    i.MemManage_Handler  stm32f4xx_it.o
    0x0800143a   0x00000002   Code   RO         3442    i.NMI_Handler       stm32f4xx_it.o
    0x0800143c   0x00000020   Code   RO         2307    i.NVIC_SetPriority  stm32f4xx_hal_cortex.o
    0x0800145c   0x00000008   Code   RO         3366    i.StartDefaultTask  freertos.o
    0x08001464   0x00000004   Code   RO         3443    i.SysTick_Handler   stm32f4xx_it.o
    0x08001468   0x0000009c   Code   RO         3519    i.SystemClock_Config  main.o
    0x08001504   0x00000054   Code   RO         3303    i.SystemInit        system_stm32f4xx.o
    0x08001558   0x0000000c   Code   RO         3444    i.TIM8_TRG_COM_TIM14_IRQHandler  stm32f4xx_it.o
    0x08001564   0x000000c0   Code   RO         1526    i.TIM_Base_SetConfig  stm32f4xx_hal_tim.o
    0x08001624   0x00000010   Code   RO         2549    i.UART_DMAAbortOnError  stm32f4xx_hal_uart.o
    0x08001634   0x0000001c   Code   RO         2555    i.UART_EndRxTransfer  stm32f4xx_hal_uart.o
    0x08001650   0x0000008c   Code   RO         2557    i.UART_Receive_IT   stm32f4xx_hal_uart.o
    0x080016dc   0x000002ac   Code   RO         2558    i.UART_SetConfig    stm32f4xx_hal_uart.o
    0x08001988   0x00000062   Code   RO         2559    i.UART_Transmit_IT  stm32f4xx_hal_uart.o
    0x080019ea   0x00000064   Code   RO         2560    i.UART_WaitOnFlagUntilTimeout  stm32f4xx_hal_uart.o
    0x08001a4e   0x00000002   PAD
    0x08001a50   0x0000006c   Code   RO         3727    i.USART1_IRQHandler  usrt.o
    0x08001abc   0x0000004c   Code   RO         3728    i.USART3_IRQHandler  usrt.o
    0x08001b08   0x00000002   Code   RO         3445    i.UsageFault_Handler  stm32f4xx_it.o
    0x08001b0a   0x00000002   PAD
    0x08001b0c   0x00000010   Code   RO         3797    i.__0printf$bare    mc_w.l(printfb.o)
    0x08001b1c   0x0000000e   Code   RO         4097    i.__scatterload_copy  mc_w.l(handlers.o)
    0x08001b2a   0x00000002   Code   RO         4098    i.__scatterload_null  mc_w.l(handlers.o)
    0x08001b2c   0x0000000e   Code   RO         4099    i.__scatterload_zeroinit  mc_w.l(handlers.o)
    0x08001b3a   0x00000022   Code   RO         3804    i._printf_core      mc_w.l(printfb.o)
    0x08001b5c   0x00000014   Code   RO         3730    i.fputc             usrt.o
    0x08001b70   0x0000001a   Code   RO         3520    i.main              main.o
    0x08001b8a   0x0000000c   Code   RO            5    i.makeFreeRtosPriority  cmsis_os.o
    0x08001b96   0x0000000e   Code   RO            6    i.osDelay           cmsis_os.o
    0x08001ba4   0x0000000a   Code   RO            9    i.osKernelStart     cmsis_os.o
    0x08001bae   0x00000014   Code   RO           38    i.osSystickHandler  cmsis_os.o
    0x08001bc2   0x00000038   Code   RO           39    i.osThreadCreate    cmsis_os.o
    0x08001bfa   0x00000002   PAD
    0x08001bfc   0x00000034   Code   RO          665    i.prvAddCurrentTaskToDelayedList  tasks.o
    0x08001c30   0x00000054   Code   RO          666    i.prvCheckTasksWaitingTermination  tasks.o
    0x08001c84   0x0000004c   Code   RO          607    i.prvHeapInit       heap_4.o
    0x08001cd0   0x00000028   Code   RO          667    i.prvIdleTask       tasks.o
    0x08001cf8   0x0000004c   Code   RO          608    i.prvInsertBlockIntoFreeList  heap_4.o
    0x08001d44   0x00000020   Code   RO          669    i.prvResetNextTaskUnblockTime  tasks.o
    0x08001d64   0x00000028   Code   RO          954    i.prvTaskExitError  port.o
    0x08001d8c   0x000000d8   Code   RO          609    i.pvPortMalloc      heap_4.o
    0x08001e64   0x00000028   Code   RO          955    i.pxPortInitialiseStack  port.o
    0x08001e8c   0x00000024   Code   RO          571    i.uxListRemove      list.o
    0x08001eb0   0x00000016   Code   RO          572    i.vListInitialise   list.o
    0x08001ec6   0x00000006   Code   RO          573    i.vListInitialiseItem  list.o
    0x08001ecc   0x00000030   Code   RO          574    i.vListInsert       list.o
    0x08001efc   0x00000018   Code   RO          575    i.vListInsertEnd    list.o
    0x08001f14   0x00000040   Code   RO          957    i.vPortEnterCritical  port.o
    0x08001f54   0x00000028   Code   RO          958    i.vPortExitCritical  port.o
    0x08001f7c   0x0000005c   Code   RO          610    i.vPortFree         heap_4.o
    0x08001fd8   0x00000020   Code   RO          959    i.vPortSetupTimerInterrupt  port.o
    0x08001ff8   0x00000068   Code   RO          679    i.vTaskDelay        tasks.o
    0x08002060   0x00000068   Code   RO          691    i.vTaskStartScheduler  tasks.o
    0x080020c8   0x00000010   Code   RO          693    i.vTaskSuspendAll   tasks.o
    0x080020d8   0x0000005c   Code   RO          694    i.vTaskSwitchContext  tasks.o
    0x08002134   0x000000e0   Code   RO          961    i.xPortStartScheduler  port.o
    0x08002214   0x0000002c   Code   RO          962    i.xPortSysTickHandler  port.o
    0x08002240   0x000001bc   Code   RO          696    i.xTaskGenericCreate  tasks.o
    0x080023fc   0x0000001c   Code   RO          700    i.xTaskGetSchedulerState  tasks.o
    0x08002418   0x000000cc   Code   RO          703    i.xTaskIncrementTick  tasks.o
    0x080024e4   0x000000c4   Code   RO          709    i.xTaskResumeAll    tasks.o
    0x080025a8   0x00000010   Data   RO         3145    .constdata          stm32f4xx_hal_rcc.o
    0x080025b8   0x00000078   Data   RO         3367    .constdata          freertos.o
    0x08002630   0x0000002f   Data   RO         3368    .conststring        freertos.o
    0x0800265f   0x00000001   PAD
    0x08002660   0x00000020   Data   RO         4095    Region$$Table       anon$$obj.o


    Execution Region RW_IRAM1 (Base: 0x20000000, Size: 0x000043b0, Max: 0x00020000, ABSOLUTE)

    Base Addr    Size         Type   Attr      Idx    E Section Name        Object

    0x20000000   0x00000018   Data   RW          615    .data               heap_4.o
    0x20000018   0x00000038   Data   RW          712    .data               tasks.o
    0x20000050   0x0000000c   Data   RW          963    .data               port.o
    0x2000005c   0x00000004   Data   RW         1254    .data               stm32f4xx_hal.o
    0x20000060   0x00000004   Data   RW         3305    .data               system_stm32f4xx.o
    0x20000064   0x00000008   Data   RW         3369    .data               freertos.o
    0x2000006c   0x00000002   Data   RW         3734    .data               usrt.o
    0x2000006e   0x00000002   Data   RW         3735    .data               usrt.o
    0x20000070   0x00000004   Data   RW         3736    .data               usrt.o
    0x20000074   0x00003c00   Zero   RW          614    .bss                heap_4.o
    0x20003c74   0x000000f0   Zero   RW          711    .bss                tasks.o
    0x20003d64   0x0000003c   Zero   RW         3565    .bss                stm32f4xx_hal_timebase_tim.o
    0x20003da0   0x00000040   Zero   RW         3629    .bss                usart.o
    0x20003de0   0x00000108   Zero   RW         3732    .bss                usrt.o
    0x20003ee8   0x000000c8   Zero   RW         3733    .bss                usrt.o
    0x20003fb0   0x00000400   Zero   RW         3292    STACK               startup_stm32f407xx.o


==============================================================================

Image component sizes


      Code (inc. data)   RO Data    RW Data    ZI Data      Debug   Object Name

       112          0          0          0          0      28376   cmsis_os.o
         0          0          0          0          0       8376   croutine.o
       432        114        167          8          0       9954   freertos.o
       104         10          0          0          0        915   gpio.o
       460         24          0         24      15360       7303   heap_4.o
       136          0          0          0          0       3614   list.o
       204         14          0          0          0       2656   main.o
       670         74          0         12          0       8548   port.o
         0          0          0          0          0       9852   queue.o
        36          8        392          0       1024        816   startup_stm32f407xx.o
        80         16          0          4          0       3060   stm32f4xx_hal.o
       218         14          0          0          0      31121   stm32f4xx_hal_cortex.o
        36          0          0          0          0       1247   stm32f4xx_hal_dma.o
       450         44          0          0          0       3177   stm32f4xx_hal_gpio.o
        88          0          0          0          0        534   stm32f4xx_hal_msp.o
         0          0          0          0          0     308940   stm32f4xx_hal_pwr_ex.o
      1404         86         16          0          0       6668   stm32f4xx_hal_rcc.o
       638         44          0          0          0       7162   stm32f4xx_hal_tim.o
         4          0          0          0          0       1646   stm32f4xx_hal_tim_ex.o
       116         16          0          0         60       1485   stm32f4xx_hal_timebase_tim.o
      1812         14          0          0          0      10842   stm32f4xx_hal_uart.o
        28          6          0          0          0       3759   stm32f4xx_it.o
        84         18          0          4          0       1381   system_stm32f4xx.o
      1396        116          0         56        240      14470   tasks.o
       312         40          0          0         64       1918   usart.o
       204         28          0          8        464       3648   usrt.o

    ----------------------------------------------------------------------
      9040        686        608        116      17212     481468   Object Totals
         0          0         32          0          0          0   (incl. Generated)
        16          0          1          0          0          0   (incl. Padding)

    ----------------------------------------------------------------------

      Code (inc. data)   RO Data    RW Data    ZI Data      Debug   Library Member Name

         0          0          0          0          0          0   entry.o
         0          0          0          0          0          0   entry10a.o
         0          0          0          0          0          0   entry11a.o
         8          4          0          0          0          0   entry2.o
         4          0          0          0          0          0   entry5.o
         0          0          0          0          0          0   entry7b.o
         0          0          0          0          0          0   entry8b.o
         8          4          0          0          0          0   entry9a.o
        30          0          0          0          0          0   handlers.o
        36          8          0          0          0         68   init.o
        36          0          0          0          0         68   memcpya.o
        36          0          0          0          0        108   memseta.o
        50          8          0          0          0        152   printfb.o

    ----------------------------------------------------------------------
       208         24          0          0          0        396   Library Totals
         0          0          0          0          0          0   (incl. Padding)

    ----------------------------------------------------------------------

      Code (inc. data)   RO Data    RW Data    ZI Data      Debug   Library Name

       208         24          0          0          0        396   mc_w.l

    ----------------------------------------------------------------------
       208         24          0          0          0        396   Library Totals

    ----------------------------------------------------------------------

==============================================================================


      Code (inc. data)   RO Data    RW Data    ZI Data      Debug   

      9248        710        608        116      17212     472264   Grand Totals
      9248        710        608        116      17212     472264   ELF Image Totals
      9248        710        608        116          0          0   ROM Totals

==============================================================================

    Total RO  Size (Code + RO Data)                 9856 (   9.63kB)
    Total RW  Size (RW Data + ZI Data)             17328 (  16.92kB)
    Total ROM Size (Code + RO Data + RW Data)       9972 (   9.74kB)

==============================================================================

